Piracetam	CUI=C0031977
Piracetam	CUI=C0031977
Piracetam (product)	CUI=C0031977
Product containing piracetam	CUI=C0031977
Product containing piracetam (medicinal product)	CUI=C0031977
Piracetam	CUI=C0031977
Piracetam	CUI=C0031977
Piracetam (substance)	CUI=C0031977
Piracetam (substance)	CUI=C0031977
Barbiturate antiepileptic	CUI=C0360117
Barbiturate antiepileptic	CUI=C0360117
Barbiturate antiepileptic	CUI=C0360117
Barbiturate antiepileptic (product)	CUI=C0360117
Barbiturate antiepileptic (substance)	CUI=C0360117
Barbiturate antiepileptic (substance)	CUI=C0360117
Beclamide	CUI=C0053067
Beclamide	CUI=C0053067
Beclamide - chemical (substance)	CUI=C0053067
Beclamide (substance)	CUI=C0053067
Beclamide - chemical	CUI=C0053067
Beclamide	CUI=C0053067
Beclamide	CUI=C0053067
Beclamide (product)	CUI=C0053067
Beclamide	CUI=C0053067
Beclamide (substance)	CUI=C0053067
Carbazepine antiepileptic	CUI=C0360123
Carbazepine antiepileptic	CUI=C0360123
Carbazepine antiepileptic	CUI=C0360123
Carbazepine antiepileptic (product)	CUI=C0360123
Carbazepine antiepileptic (substance)	CUI=C0360123
Carbazepine antiepileptic (substance)	CUI=C0360123
Drugs for control of epilepsy	CUI=C0355653
Drugs for the control of epilepsy	CUI=C0355653
Drugs for the control of epilepsy	CUI=C0355653
Drugs for the control of epilepsy (product)	CUI=C0355653
Drugs for the control of epilepsy (substance)	CUI=C0355653
Drugs used in status epilept	CUI=C0355712
Drugs used in status epilepticus	CUI=C0355712
Drugs used in status epilepticus (product)	CUI=C0355712
Drugs used in status epilepticus	CUI=C0355712
Drugs used in status epilepticus (substance)	CUI=C0355712
Febrile convulsions	CUI=C0595982
Febrile Convulsion Medications	CUI=C0595982
Gaba related antiepileptic	CUI=C0360125
Gaba related antiepileptic	CUI=C0360125
Gaba related antiepileptic (product)	CUI=C0360125
Gaba related antiepileptic (substance)	CUI=C0360125
Gabapentin	CUI=C0060926
gabapentin	CUI=C0060926
Gabapentin	CUI=C0060926
Gabapentin	CUI=C0060926
gabapentin	CUI=C0060926
Product containing gabapentin	CUI=C0060926
Gabapentin (product)	CUI=C0060926
Product containing gabapentin (medicinal product)	CUI=C0060926
Gabapentin	CUI=C0060926
Gabapentin	CUI=C0060926
Gabapentin (substance)	CUI=C0060926
Gabapentin (substance)	CUI=C0060926
Hydantoin	CUI=C0020208
Hydantoin antiepileptic	CUI=C0020208
Hydantoin derivative anticonvulsant (substance)	CUI=C0020208
Hydantoin (product)	CUI=C0020208
Hydantoin	CUI=C0020208
Hydantoin derivative anticonvulsant (product)	CUI=C0020208
Hydantoin derivative anticonvulsant	CUI=C0020208
Hydantoin derivative anticonvulsant	CUI=C0020208
Hydantoin derivative anticonvulsant	CUI=C0020208
Hydantoin	CUI=C0020208
Hydantoin antiepileptic	CUI=C0020208
Hydantoin (substance)	CUI=C0020208
Hydantoin (substance)	CUI=C0020208
Lamotrigine	CUI=C0064636
lamotrigine	CUI=C0064636
Lamotrigine	CUI=C0064636
lamoTRIgine	CUI=C0064636
Lamotrigine	CUI=C0064636
lamotrigine	CUI=C0064636
Product containing lamotrigine (medicinal product)	CUI=C0064636
Lamotrigine (product)	CUI=C0064636
Product containing lamotrigine	CUI=C0064636
Lamotrigine	CUI=C0064636
Lamotrigine	CUI=C0064636
Lamotrigine (substance)	CUI=C0064636
Lamotrigine (substance)	CUI=C0064636
Succinimides	CUI=C0038623
Succinimide antiepileptic	CUI=C0038623
Succinimide antiepileptic	CUI=C0038623
Product containing succinimide	CUI=C0038623
Product containing succinimide (medicinal product)	CUI=C0038623
Succinimide (product)	CUI=C0038623
Succinimide	CUI=C0038623
Succinimide	CUI=C0038623
Succinimide (substance)	CUI=C0038623
Succinimide (substance)	CUI=C0038623
Valproate	CUI=C0080356
Valproate product	CUI=C0080356
Valproate	CUI=C0080356
Valproate	CUI=C0080356
Valproate	CUI=C0080356
Valproate (substance)	CUI=C0080356
Valproate	CUI=C0080356
Valproate	CUI=C0080356
Valproate (product)	CUI=C0080356
Product containing valproate	CUI=C0080356
Product containing valproate (medicinal product)	CUI=C0080356
Valproate product	CUI=C0080356
Valproate	CUI=C0080356
Valproate	CUI=C0080356
Valproate (substance)	CUI=C0080356
Valproate (substance)	CUI=C0080356
topiramate	CUI=C0076829
topiramate	CUI=C0076829
Topiramate	CUI=C0076829
Topiramate	CUI=C0076829
Topiramate	CUI=C0076829
Product containing topiramate (medicinal product)	CUI=C0076829
Product containing topiramate	CUI=C0076829
Topiramate (product)	CUI=C0076829
Topiramate	CUI=C0076829
Topiramate	CUI=C0076829
Topiramate (substance)	CUI=C0076829
Topiramate (substance)	CUI=C0076829
Benzodiazepine antiepileptic	CUI=C0053218
Benzodiazepine antiepileptic (product)	CUI=C0053218
Benzodiazepine antiepileptic	CUI=C0053218
Benzodiazepine antiepileptic	CUI=C0053218
Benzodiazepine antiepileptic (product)	CUI=C0053218
Benzodiazepine antiepileptic	CUI=C0053218
Benzodiazepine antiepileptic	CUI=C0053218
tiagabine	CUI=C0068897
Tiagabine	CUI=C0068897
Tiagabine	CUI=C0068897
tiaGABine	CUI=C0068897
Tiagabine	CUI=C0068897
tiagabine	CUI=C0068897
Tiagabine (product)	CUI=C0068897
Product containing tiagabine	CUI=C0068897
Product containing tiagabine (medicinal product)	CUI=C0068897
Tiagabine	CUI=C0068897
Tiagabine	CUI=C0068897
Tiagabine (substance)	CUI=C0068897
Tiagabine (substance)	CUI=C0068897
Epilim Chrono	CUI=C0591452

Hydantoin	CUI=C0020208
Hydantoin antiepileptic	CUI=C0020208
Hydantoin derivative anticonvulsant (substance)	CUI=C0020208
Hydantoin (product)	CUI=C0020208
Hydantoin	CUI=C0020208
Hydantoin derivative anticonvulsant (product)	CUI=C0020208
Hydantoin derivative anticonvulsant	CUI=C0020208
Hydantoin derivative anticonvulsant	CUI=C0020208
Hydantoin derivative anticonvulsant	CUI=C0020208
Hydantoin	CUI=C0020208
Hydantoin antiepileptic	CUI=C0020208
Hydantoin (substance)	CUI=C0020208
Hydantoin (substance)	CUI=C0020208
lacosamide	CUI=C0893761
Lacosamide (substance)	CUI=C0893761
Lacosamide	CUI=C0893761
Lacosamide	CUI=C0893761
Lacosamide	CUI=C0893761
Lacosamide	CUI=C0893761
Product containing lacosamide	CUI=C0893761
Product containing lacosamide (medicinal product)	CUI=C0893761
Lacosamide (product)	CUI=C0893761
Barbiturates	CUI=C0004745
Barbiturates	CUI=C0004745
Barbiturate	CUI=C0004745
Barbiturate	CUI=C0004745
Barbiturates	CUI=C0004745
Barbiturate (substance)	CUI=C0004745
Barbiturate	CUI=C0004745
Barbiturates	CUI=C0004745
Barbiturate	CUI=C0004745
Barbiturates	CUI=C0004745
Barbiturate	CUI=C0004745
Barbiturate	CUI=C0004745
Barbiturate (product)	CUI=C0004745
Barbiturate (substance)	CUI=C0004745
Barbiturate, NOS	CUI=C0004745
Barbiturate (substance)	CUI=C0004745
topiramate 15 MG Oral Capsule	CUI=C0705941
Topiramate 15mg capsule (product)	CUI=C0705941
Topiramate 15mg capsule	CUI=C0705941
Topiramate 15mg beads in capsule (product)	CUI=C0705941
Topiramate 15mg beads in capsule	CUI=C0705941
Topiramate 15mg beads in capsule (substance)	CUI=C0705941
Topiramate 15mg sprinkle capsule	CUI=C0705941
Benzodiazepine	CUI=C4048284
Benzodiazepine	CUI=C4048284
Benzodiazepine (product)	CUI=C4048284
Benzodiazepine (substance)	CUI=C4048284
Benzodiazepine	CUI=C4048284
Benzodiazepine	CUI=C4048284
Benzodiazepine, NOS	CUI=C4048284
Benzodiazepine (substance)	CUI=C4048284
potassium bromide	CUI=C0071754
Potassium bromide	CUI=C0071754
Potassium bromide (product)	CUI=C0071754
Potassium bromide	CUI=C0071754
Potassium bromide (substance)	CUI=C0071754
Carbamazepine	CUI=C0006949
Carbamazepine	CUI=C0006949
Carbamazepine	CUI=C0006949
Carbamazepine	CUI=C0006949
Carbamazepine product	CUI=C0006949
Carbamazepine	CUI=C0006949
Carbamazepine - chemical	CUI=C0006949
Carbamazepine	CUI=C0006949
carBAMazepine	CUI=C0006949
Carbamazepine	CUI=C0006949
Carbamazepine - chemical (substance)	CUI=C0006949
Carbamazepine - chemical	CUI=C0006949
Carbamazepine	CUI=C0006949
Product containing carbamazepine (medicinal product)	CUI=C0006949
Carbamazepine (product)	CUI=C0006949
Carbamazepine product	CUI=C0006949
Product containing carbamazepine	CUI=C0006949
Carbamazepine	CUI=C0006949
Carbamazepine	CUI=C0006949
Carbamazepine (substance)	CUI=C0006949
Carbamazepine (substance)	CUI=C0006949
felbamate	CUI=C0060135
Felbamate	CUI=C0060135
Felbamate	CUI=C0060135
Felbamate product (product)	CUI=C0060135
Product containing felbamate	CUI=C0060135
Product containing felbamate (medicinal product)	CUI=C0060135
Felbamate	CUI=C0060135
Felbamate (substance)	CUI=C0060135
Felbamate product	CUI=C0060135
zonisamide	CUI=C0078844
Zonisamide	CUI=C0078844
Zonisamide	CUI=C0078844
zonisamide	CUI=C0078844
Zonisamide (product)	CUI=C0078844
Product containing zonisamide (medicinal product)	CUI=C0078844
Product containing zonisamide	CUI=C0078844
Zonisamide (substance)	CUI=C0078844
Zonisamide	CUI=C0078844
Zonisamide	CUI=C0078844
sulthiame	CUI=C0038807
Sultiame	CUI=C0038807
Sultiame (product)	CUI=C0038807
Sulthiame	CUI=C0038807
Sulthiame	CUI=C0038807
sultiame	CUI=C0038807
Sulthiamine	CUI=C0038807
Sulthiamine (substance)	CUI=C0038807
Sulthiame	CUI=C0038807
Sultiame	CUI=C0038807
Parenteral phenobarbitone	CUI=C0360121
Parenteral phenobarbital	CUI=C0360121
Parenteral phenobarbitone (product)	CUI=C0360121
Parenteral phenobarbitone	CUI=C0360121
Parenteral phenobarbital (product)	CUI=C0360121
Parenteral form phenobarbital	CUI=C0360121
Parenteral form phenobarbital	CUI=C0360121
Parenteral form phenobarbitone	CUI=C0360121
Parenteral form phenobarbital	CUI=C0360121
Product containing phenobarbitone in parenteral dosage form	CUI=C0360121
Product containing phenobarbitone in parenteral dosage form (medicinal product form)	CUI=C0360121
Parenteral form phenobarbitone (product)	CUI=C0360121
Phenobarbitone in parenteral dosage form	CUI=C0360121
Parenteral phenobarbitone (substance)	CUI=C0360121
Methyl phenyl ethyl hydantoin	CUI=C0301399
Methyl phenyl ethyl hydantoin (substance)	CUI=C0301399
sodium bromide	CUI=C0074730
Sodium bromide	CUI=C0074730
Sodium bromide (substance)	CUI=C0074730
topiramate 25 MG Oral Capsule	CUI=C0705940
Topiramate 25mg capsule	CUI=C0705940
Topiramate 25mg capsule (product)	CUI=C0705940
Topiramate 25mg beads in capsule (product)	CUI=C0705940
Topiramate 25mg beads in capsule	CUI=C0705940
Topiramate 25mg beads in capsule (substance)	CUI=C0705940
Topiramate 25mg sprinkle capsule	CUI=C0705940
eslicarbazepine	CUI=C2725260
Eslicarbazepine (substance)	CUI=C2725260
Eslicarbazepine	CUI=C2725260
Eslicarbazepine	CUI=C2725260
Eslicarbazepine (product)	CUI=C2725260
ezogabine	CUI=C0530684
ezogabine	CUI=C0530684
Retigabine	CUI=C0530684
Retigabine (substance)	CUI=C0530684
Ezogabine	CUI=C0530684
Ezogabine	CUI=C0530684
Ezogabine	CUI=C0530684
Retigabine	CUI=C0530684
Ezogabine	CUI=C0530684
Product containing retigabine	CUI=C0530684
Product containing retigabine (medicinal product)	CUI=C0530684
Retigabine (product)	CUI=C0530684
retigabine	CUI=C0530684
Fosphenytoin &#x7C; Bld-Ser-Plas	CUI=C1988112
methsuximide	CUI=C0109002
methsuximide	CUI=C0109002
Methsuximide	CUI=C0109002
Methsuximide	CUI=C0109002
Product containing mesuximide (medicinal product)	CUI=C0109002
Methsuximide (product)	CUI=C0109002
Product containing methsuximide	CUI=C0109002
Mesuximide	CUI=C0109002
Mesuximide (substance)	CUI=C0109002
Methsuximide (substance)	CUI=C0109002
Product containing mesuximide	CUI=C0109002
mesuximide	CUI=C0109002
Methsuximide	CUI=C0109002
Methsuximide	CUI=C0109002
Mesuximide	CUI=C0109002
Gabapentin	CUI=C0060926
gabapentin	CUI=C0060926
Gabapentin	CUI=C0060926
Gabapentin	CUI=C0060926
gabapentin	CUI=C0060926
Product containing gabapentin	CUI=C0060926
Gabapentin (product)	CUI=C0060926
Product containing gabapentin (medicinal product)	CUI=C0060926
Gabapentin	CUI=C0060926
Gabapentin	CUI=C0060926
Gabapentin (substance)	CUI=C0060926
Gabapentin (substance)	CUI=C0060926
phensuximide	CUI=C0070592
Phensuximide	CUI=C0070592
Phensuximide - chemical	CUI=C0070592
Phensuximide - chemical (substance)	CUI=C0070592
Phensuximide	CUI=C0070592
Phensuximide	CUI=C0070592
Phensuximide	CUI=C0070592
Phensuximide (product)	CUI=C0070592
Phensuximide (substance)	CUI=C0070592
Levetiracetam	CUI=C0377265
Levetiracetam	CUI=C0377265
levETIRAcetam	CUI=C0377265
Levetiracetam	CUI=C0377265
Levetiracetam (substance)	CUI=C0377265
Levetiracetam	CUI=C0377265
Levetiracetam (product)	CUI=C0377265
Product containing levetiracetam	CUI=C0377265
Product containing levetiracetam (medicinal product)	CUI=C0377265
Levetiracetam	CUI=C0377265
Levetiracetam (substance)	CUI=C0377265
Levetiracetam	CUI=C0377265
Levetiracetam	CUI=C0377265
Levetiracetam (product)	CUI=C0377265
Levetiracetam (substance)	CUI=C0377265
Ethosuximide	CUI=C0015043
Ethosuximide	CUI=C0015043
Ethosuximide	CUI=C0015043
Ethosuximide	CUI=C0015043
Ethosuximide (substance)	CUI=C0015043
Ethosuximide	CUI=C0015043
Ethosuximide	CUI=C0015043
Product containing ethosuximide (medicinal product)	CUI=C0015043
Ethosuximide (product)	CUI=C0015043
Product containing ethosuximide	CUI=C0015043
Ethosuximide	CUI=C0015043
Ethosuximide	CUI=C0015043
Ethosuximide (substance)	CUI=C0015043
Ethosuximide (substance)	CUI=C0015043
Lamotrigine	CUI=C0064636
lamotrigine	CUI=C0064636
Lamotrigine	CUI=C0064636
lamoTRIgine	CUI=C0064636
Lamotrigine	CUI=C0064636
lamotrigine	CUI=C0064636
Product containing lamotrigine (medicinal product)	CUI=C0064636
Lamotrigine (product)	CUI=C0064636
Product containing lamotrigine	CUI=C0064636
Lamotrigine	CUI=C0064636
Lamotrigine	CUI=C0064636
Lamotrigine (substance)	CUI=C0064636
Lamotrigine (substance)	CUI=C0064636
Vigabatrin &#x7C; bld-ser-plas	CUI=C1975441
paramethadione	CUI=C0070072
Paramethadione	CUI=C0070072
Paramethadione - chemical	CUI=C0070072
Paramethadione - chemical (substance)	CUI=C0070072
Paramethadione	CUI=C0070072
Paramethadione	CUI=C0070072
Paramethadione	CUI=C0070072
Isoethadione	CUI=C0070072
Paramethad	CUI=C0070072
Paramethadione (product)	CUI=C0070072
Paramethadione (substance)	CUI=C0070072
Stiripentol (product)	CUI=C0075262
Stiripentol (substance)	CUI=C0075262
Stiripentol	CUI=C0075262
Stiripentol	CUI=C0075262
Stiripentol	CUI=C0075262
Stiripentol	CUI=C0075262
Valproate	CUI=C0080356
Valproate product	CUI=C0080356
Valproate	CUI=C0080356
Valproate	CUI=C0080356
Valproate	CUI=C0080356
Valproate (substance)	CUI=C0080356
Valproate	CUI=C0080356
Valproate	CUI=C0080356
Valproate (product)	CUI=C0080356
Product containing valproate	CUI=C0080356
Product containing valproate (medicinal product)	CUI=C0080356
Valproate product	CUI=C0080356
Valproate	CUI=C0080356
Valproate	CUI=C0080356
Valproate (substance)	CUI=C0080356
Valproate (substance)	CUI=C0080356
Trimethadione	CUI=C0041038
Trimethadione	CUI=C0041038
Trimethadione	CUI=C0041038
Trimethadione - chemical	CUI=C0041038
Trimethadione - chemical (substance)	CUI=C0041038
Trimethadione	CUI=C0041038
Trimethadione (product)	CUI=C0041038
Product containing trimethadione (medicinal product)	CUI=C0041038
Product containing trimethadione	CUI=C0041038
Trimethadione	CUI=C0041038
Trimethadione	CUI=C0041038
Troxidone	CUI=C0041038
Trimethadione (substance)	CUI=C0041038
Anticonvulsants &#x7C; urine	CUI=C1981551
Anticonvulsants &#x7C; bld-ser-plas	CUI=C1981550
phenacemide	CUI=C0070525
Phenacemide	CUI=C0070525
Phenacemide	CUI=C0070525
Phenacemide	CUI=C0070525
Phenacemide	CUI=C0070525
Phenylacetylcarbamide	CUI=C0070525
Phenylacetylurea	CUI=C0070525
Phenacemide (product)	CUI=C0070525
Phenacemide (substance)	CUI=C0070525
Phenytoin	CUI=C0031507
Phenytoin	CUI=C0031507
Phenytoin	CUI=C0031507
Phenytoin	CUI=C0031507
Phenylhydantoin	CUI=C0031507
Phenytoin product	CUI=C0031507
Phenytoin	CUI=C0031507
Phenytoin - chemical	CUI=C0031507
Phenytoin	CUI=C0031507
Phenytoin - chemical	CUI=C0031507
Phenytoin - chemical (substance)	CUI=C0031507
Phenytoin	CUI=C0031507
Phenytoin product	CUI=C0031507
DPH	CUI=C0031507
Product containing phenytoin	CUI=C0031507
Diphenylhydantoin	CUI=C0031507
Phenylhydantoin	CUI=C0031507
Product containing phenytoin (medicinal product)	CUI=C0031507
Phenytoin (product)	CUI=C0031507
Phenytoin	CUI=C0031507
Phenytoin	CUI=C0031507
Diphenylhydantoin	CUI=C0031507
DPH	CUI=C0031507
Phenytoin (substance)	CUI=C0031507
Phenytoin	CUI=C0031507
Phenytoin (substance)	CUI=C0031507
pregabalin	CUI=C0657912
Pregabalin	CUI=C0657912
Pregabalin	CUI=C0657912
pregabalin	CUI=C0657912
Product containing pregabalin (medicinal product)	CUI=C0657912
Pregabalin (product)	CUI=C0657912
Product containing pregabalin	CUI=C0657912
Pregabalin (substance)	CUI=C0657912
Pregabalin	CUI=C0657912
Pregabalin	CUI=C0657912
Sulthiame &#x7C; bld-ser-plas	CUI=C1974052
1-Hydroxymidazolam	CUI=C0044411
1-Hydroxymidazolam	CUI=C0044411
1-Hydroxymidazolam (substance)	CUI=C0044411
1-Hydroxymidazolam	CUI=C0044411
topiramate	CUI=C0076829
topiramate	CUI=C0076829
Topiramate	CUI=C0076829
Topiramate	CUI=C0076829
Topiramate	CUI=C0076829
Product containing topiramate (medicinal product)	CUI=C0076829
Product containing topiramate	CUI=C0076829
Topiramate (product)	CUI=C0076829
Topiramate	CUI=C0076829
Topiramate	CUI=C0076829
Topiramate (substance)	CUI=C0076829
Topiramate (substance)	CUI=C0076829
Mephenytoin	CUI=C0025381
Mephenytoin	CUI=C0025381
Mephenytoin	CUI=C0025381
Mephenytoin	CUI=C0025381
Mephenytoin (product)	CUI=C0025381
Product containing mephenytoin (medicinal product)	CUI=C0025381
Product containing mephenytoin	CUI=C0025381
Mephenytoin	CUI=C0025381
Methoin	CUI=C0025381
Methylphenylethylhydantoin	CUI=C0025381
Mephenytoin (substance)	CUI=C0025381
Mephenytoin	CUI=C0025381
oxcarbazepine	CUI=C0069751
Oxcarbazepine	CUI=C0069751
OXcarbazepine	CUI=C0069751
Oxcarbazepine	CUI=C0069751
Oxcarbazepine (substance)	CUI=C0069751
Oxcarbazepine	CUI=C0069751
oxcarbazepine	CUI=C0069751
Product containing oxcarbazepine	CUI=C0069751
Oxcarbazepine (product)	CUI=C0069751
Product containing oxcarbazepine (medicinal product)	CUI=C0069751
Oxcarbazepine (substance)	CUI=C0069751
Oxcarbazepine	CUI=C0069751
Oxcarbazepine	CUI=C0069751
Oxcarbazepine (substance)	CUI=C0069751
Primidone	CUI=C0033148
Primidone	CUI=C0033148
Hexamidinum	CUI=C0033148
Primidone	CUI=C0033148
Primidone	CUI=C0033148
Primidone product (product)	CUI=C0033148
Primidone product	CUI=C0033148
Primidone	CUI=C0033148
Desoxyphenobarbital	CUI=C0033148
Primidone (product)	CUI=C0033148
Hexamidinum	CUI=C0033148
Product containing primidone (medicinal product)	CUI=C0033148
Product containing primidone	CUI=C0033148
Primidone	CUI=C0033148
Primidone	CUI=C0033148
Desoxyphenobarbital	CUI=C0033148
Primidone (substance)	CUI=C0033148
Primidone (substance)	CUI=C0033148
Ethotoin	CUI=C0015046
Ethotoin	CUI=C0015046
Ethotoin	CUI=C0015046
Product containing ethotoin (medicinal product)	CUI=C0015046
Product containing ethotoin	CUI=C0015046
Ethotoin product (product)	CUI=C0015046
Ethotoin	CUI=C0015046
Ethotoin (substance)	CUI=C0015046
Ethotoin product	CUI=C0015046
Ethotoin	CUI=C0015046
Pheneturide &#x7C; bld-ser-plas	CUI=C1994495
perampanel	CUI=C2698764
Perampanel	CUI=C2698764
Perampanel (substance)	CUI=C2698764
Perampanel	CUI=C2698764
Perampanel (product)	CUI=C2698764
Product containing perampanel	CUI=C2698764
Product containing perampanel (medicinal product)	CUI=C2698764
zaleplon	CUI=C0251504
Zaleplon	CUI=C0251504
Zaleplon (substance)	CUI=C0251504
Zaleplon	CUI=C0251504
Zaleplon	CUI=C0251504
Zaleplon (product)	CUI=C0251504
Product containing zaleplon	CUI=C0251504
Product containing zaleplon (medicinal product)	CUI=C0251504
Zaleplon (substance)	CUI=C0251504
Zaleplon	CUI=C0251504
Zaleplon	CUI=C0251504
Zaleplon (substance)	CUI=C0251504
Pheneturide	CUI=C0059837
Pheneturide	CUI=C0059837
Pheneturide	CUI=C0059837
Pheneturide (substance)	CUI=C0059837
tiagabine	CUI=C0068897
Tiagabine	CUI=C0068897
Tiagabine	CUI=C0068897
tiaGABine	CUI=C0068897
Tiagabine	CUI=C0068897
tiagabine	CUI=C0068897
Tiagabine (product)	CUI=C0068897
Product containing tiagabine	CUI=C0068897
Product containing tiagabine (medicinal product)	CUI=C0068897
Tiagabine	CUI=C0068897
Tiagabine	CUI=C0068897
Tiagabine (substance)	CUI=C0068897
Tiagabine (substance)	CUI=C0068897
Rufinamide	CUI=C0213404
Rufinamide	CUI=C0213404
Rufinamide (substance)	CUI=C0213404
rufinamide	CUI=C0213404
Rufinamide	CUI=C0213404
Rufinamide	CUI=C0213404
Rufinamide (product)	CUI=C0213404
Product containing rufinamide (medicinal product)	CUI=C0213404
Product containing rufinamide	CUI=C0213404
Dimethadione	CUI=C0012386
Dimethadione	CUI=C0012386
Dimethadione	CUI=C0012386
Dimethadione	CUI=C0012386
Dimethadione (substance)	CUI=C0012386
Chlormethiazole	CUI=C0008221
Clomethiazole	CUI=C0008221
Chlormethiazole	CUI=C0008221
Chlormethiazole	CUI=C0008221
Chlormethiazole	CUI=C0008221
Chlormethiazole (substance)	CUI=C0008221
Chlormethiazole (product)	CUI=C0008221
Product containing clomethiazole	CUI=C0008221
Product containing clomethiazole (medicinal product)	CUI=C0008221
Clomethiazole	CUI=C0008221
clomethiazole	CUI=C0008221
Chlormethiazole	CUI=C0008221
Clomethiazole	CUI=C0008221
Clomethiazole (substance)	CUI=C0008221
Chlormethiazole (substance)	CUI=C0008221
Paraldehyde	CUI=C0030438
Paraldehyde	CUI=C0030438
Paraldehyde product	CUI=C0030438
Paraldehyde	CUI=C0030438
Paraldehyde	CUI=C0030438
Paraldehyde	CUI=C0030438
Paraldehyde (substance)	CUI=C0030438
Paraldehyde	CUI=C0030438
Paraldehyde	CUI=C0030438
Paraldehyde	CUI=C0030438
Paracetaldehyde	CUI=C0030438
Paracetaldehyde	CUI=C0030438
Paraldehyde product	CUI=C0030438
Paraldehyde (product)	CUI=C0030438
Paraldehyde (substance)	CUI=C0030438
Paraldehyde (substance)	CUI=C0030438
Piracetam	CUI=C0031977
Piracetam	CUI=C0031977
Piracetam (product)	CUI=C0031977
Product containing piracetam	CUI=C0031977
Product containing piracetam (medicinal product)	CUI=C0031977
Piracetam	CUI=C0031977
Piracetam	CUI=C0031977
Piracetam (substance)	CUI=C0031977
Piracetam (substance)	CUI=C0031977
Barbiturate antiepileptic	CUI=C0360117
Barbiturate antiepileptic	CUI=C0360117
Barbiturate antiepileptic	CUI=C0360117
Barbiturate antiepileptic (product)	CUI=C0360117
Barbiturate antiepileptic (substance)	CUI=C0360117
Barbiturate antiepileptic (substance)	CUI=C0360117
Carbazepine antiepileptic	CUI=C0360123
Carbazepine antiepileptic	CUI=C0360123
Carbazepine antiepileptic	CUI=C0360123
Carbazepine antiepileptic (product)	CUI=C0360123
Carbazepine antiepileptic (substance)	CUI=C0360123
Carbazepine antiepileptic (substance)	CUI=C0360123
Succinimides	CUI=C0038623
Succinimide antiepileptic	CUI=C0038623
Succinimide antiepileptic	CUI=C0038623
Product containing succinimide	CUI=C0038623
Product containing succinimide (medicinal product)	CUI=C0038623
Succinimide (product)	CUI=C0038623
Succinimide	CUI=C0038623
Succinimide	CUI=C0038623
Succinimide (substance)	CUI=C0038623
Succinimide (substance)	CUI=C0038623
Vigabatrin	CUI=C0048044
Vigabatrin	CUI=C0048044
Vigabatrin	CUI=C0048044
Vigabatrin product	CUI=C0048044
Vigabatrin - chemical (substance)	CUI=C0048044
Vigabatrin - chemical	CUI=C0048044
Vigabatrin	CUI=C0048044
Vigabatrin (substance)	CUI=C0048044
Vigabatrin - chemical	CUI=C0048044
Vigabatrin	CUI=C0048044
Vigabatrin	CUI=C0048044
Product containing vigabatrin (medicinal product)	CUI=C0048044
Vigabatrin product (product)	CUI=C0048044
Product containing vigabatrin	CUI=C0048044
Vigabatrin product	CUI=C0048044
Vigabatrin	CUI=C0048044
Vigabatrin product (substance)	CUI=C0048044
Gamma vinyl GABA	CUI=C0048044
Gamma vinyl gamma aminobutyric acid	CUI=C0048044
Desmethylparamethadione (substance)	CUI=C1289959
Desmethylparamethadione	CUI=C1289959
Oxazolidinediones	CUI=C0304361
Oxazolidinedione (product)	CUI=C0304361
Product containing oxazolidinedione	CUI=C0304361
Product containing oxazolidinedione (medicinal product)	CUI=C0304361
Oxazolidinedione (substance)	CUI=C0304361
Oxazolidinedione	CUI=C0304361
Oxazolidinedione	CUI=C0304361
Oxazolidinedione, NOS	CUI=C0304361
Oxazolidinedione (substance)	CUI=C0304361
Beclamide	CUI=C0053067
Beclamide	CUI=C0053067
Beclamide - chemical (substance)	CUI=C0053067
Beclamide (substance)	CUI=C0053067
Beclamide - chemical	CUI=C0053067
Beclamide	CUI=C0053067
Beclamide	CUI=C0053067
Beclamide (product)	CUI=C0053067
Beclamide	CUI=C0053067
Beclamide (substance)	CUI=C0053067
Magnesium sulfate	CUI=C0024480
Magnesium sulphate	CUI=C0024480
Magnesium Sulfate	CUI=C0024480
Magnesium sulfate (product)	CUI=C0024480
Magnesium sulphate	CUI=C0024480
Product containing magnesium sulfate (medicinal product)	CUI=C0024480
Product containing magnesium sulfate	CUI=C0024480
Magnesium sulfate	CUI=C0024480
Magnesium sulfate	CUI=C0024480
Magnesium sulphate	CUI=C0024480
Magnesium sulfate (substance)	CUI=C0024480
Magnesium sulfate (substance)	CUI=C0024480
Drugs for control of epilepsy	CUI=C0355653
Drugs for the control of epilepsy	CUI=C0355653
Drugs for the control of epilepsy	CUI=C0355653
Drugs for the control of epilepsy (product)	CUI=C0355653
Drugs for the control of epilepsy (substance)	CUI=C0355653
Drugs used in status epilept	CUI=C0355712
Drugs used in status epilepticus	CUI=C0355712
Drugs used in status epilepticus (product)	CUI=C0355712
Drugs used in status epilepticus	CUI=C0355712
Drugs used in status epilepticus (substance)	CUI=C0355712
Gaba related antiepileptic	CUI=C0360125
Gaba related antiepileptic	CUI=C0360125
Gaba related antiepileptic (product)	CUI=C0360125
Gaba related antiepileptic (substance)	CUI=C0360125
Benzodiazepine antiepileptic	CUI=C0053218
Benzodiazepine antiepileptic (product)	CUI=C0053218
Benzodiazepine antiepileptic	CUI=C0053218
Benzodiazepine antiepileptic	CUI=C0053218
Benzodiazepine antiepileptic (product)	CUI=C0053218
Benzodiazepine antiepileptic	CUI=C0053218
Benzodiazepine antiepileptic	CUI=C0053218
Parenteral magnesium sulfate	CUI=C4518413
Parenteral magnesium sulphate product	CUI=C4518413
Parenteral magnesium sulfate product	CUI=C4518413
Parenteral magnesium sulfate	CUI=C4518413
Parenteral magnesium sulfate (product)	CUI=C4518413
Parenteral magnesium sulphate	CUI=C4518413
Parenteral magnesium sulfate	CUI=C4518413
Parenteral magnesium sulphate	CUI=C4518413
Parenteral magnesium sulfate (product)	CUI=C4518413
Magnesium sulphate I.V	CUI=C4518413
Magnesium sulfate I.V	CUI=C4518413
Magnesium sulfate I.V (product)	CUI=C4518413
Parenteral form magnesium sulphate	CUI=C4518413
Parenteral form magnesium sulfate (product)	CUI=C4518413
Magnesium sulfate in parenteral dosage form	CUI=C4518413
Parenteral form magnesium sulphate product	CUI=C4518413
Product containing magnesium sulfate in parenteral dosage form (medicinal product form)	CUI=C4518413
Product containing magnesium sulfate in parenteral dosage form	CUI=C4518413
Parenteral form magnesium sulfate	CUI=C4518413
Magnesium sulfate I.V (substance)	CUI=C4518413
Parenteral magnesium sulfate (substance)	CUI=C4518413
Parenteral magnesium sulfate product (product)	CUI=C4518413
Phenyltriazine derivative anticonvulsant (substance)	CUI=C1445641
Phenyltriazine derivative anticonvulsant	CUI=C1445641
caramiphen	CUI=C0054635
Caramiphen	CUI=C0054635
Caramiphen	CUI=C0054635
Caramiphen (product)	CUI=C0054635
Caramiphen (substance)	CUI=C0054635
Valproic Acid	CUI=C0042291
Valproic acid	CUI=C0042291
Valproic Acid	CUI=C0042291
DPA	CUI=C0042291
DPA	CUI=C0042291
DPA - dipropylacetic acid	CUI=C0042291
DPA - dipropylacetic acid	CUI=C0042291
Product containing valproic acid	CUI=C0042291
2-Propylvaleric acid	CUI=C0042291
2-Propylpentanoic acid	CUI=C0042291
Product containing valproic acid (medicinal product)	CUI=C0042291
Valproic acid (product)	CUI=C0042291
Dipropylacetic acid	CUI=C0042291
2-Propylpentanoic acid	CUI=C0042291
2-Propylvaleric acid	CUI=C0042291
Dipropylacetic acid	CUI=C0042291
Valproic acid	CUI=C0042291
Valproic acid	CUI=C0042291
Valproic acid (substance)	CUI=C0042291
Valproic acid (substance)	CUI=C0042291
Deoxybarbiturate (substance)	CUI=C1628315
Deoxybarbiturate	CUI=C1628315
Pentobarbital	CUI=C0030883
Pentobarbital	CUI=C0030883
PENTobarbital	CUI=C0030883
Pentobarbitone - chemical (substance)	CUI=C0030883
Pentobarbitone - chemical	CUI=C0030883
Pentobarbital	CUI=C0030883
Pentobarbital (product)	CUI=C0030883
Product containing pentobarbital (medicinal product)	CUI=C0030883
Pentobarbitone	CUI=C0030883
Product containing pentobarbital	CUI=C0030883
Pentobarbital	CUI=C0030883
Pentobarbital	CUI=C0030883
Pentobarbitone	CUI=C0030883
Pentobarbital (substance)	CUI=C0030883
Pentobarbital (substance)	CUI=C0030883
Methylphenobarbital	CUI=C0025382
Methylphenobarbitone	CUI=C0025382
Mephobarbital	CUI=C0025382
Mephobarbital	CUI=C0025382
Mephobarbital product	CUI=C0025382
Mephobarbital product (product)	CUI=C0025382
Mephobarbital	CUI=C0025382
Methylphenobarbital (substance)	CUI=C0025382
Product containing methylphenobarbital (medicinal product)	CUI=C0025382
Mephobarbital (product)	CUI=C0025382
Product containing mephobarbital	CUI=C0025382
Methylphenobarbitone	CUI=C0025382
Mephobarbital (substance)	CUI=C0025382
Product containing methylphenobarbital	CUI=C0025382
methylphenobarbital	CUI=C0025382
Mephobarbital	CUI=C0025382
Mephobarbital	CUI=C0025382
Methylphenobarbital	CUI=C0025382
Methylphenobarbital	CUI=C0025382
Mephobarbital (substance)	CUI=C0025382
Brivaracetam (product)	CUI=C1699861
Brivaracetam (substance)	CUI=C1699861
Brivaracetam	CUI=C1699861
Brivaracetam	CUI=C1699861
Brivaracetam	CUI=C1699861
Brivaracetam	CUI=C1699861
