Epileptic seizure	CUI=C0014544	STY=Disease or Syndrome
Seizure disorder	CUI=C0014544	STY=Disease or Syndrome
Epileptic seizures NOS	CUI=C0014544	STY=Disease or Syndrome
Seizure disorder NOS	CUI=C0014544	STY=Disease or Syndrome
Epileptic seizures	CUI=C0014544	STY=Disease or Syndrome
Seizure disorder (disorder)	CUI=C0014544	STY=Disease or Syndrome
Epileptic seizures, NOS	CUI=C0014544	STY=Disease or Syndrome
Epileptic seizures - akinetic	CUI=C0347869	STY=Disease or Syndrome
Epileptic seizures - akinetic (finding)	CUI=C0347869	STY=Disease or Syndrome
Epileptic seizures - clonic	CUI=C0347870	STY=Disease or Syndrome
Epileptic seizures - clonic (finding)	CUI=C0347870	STY=Disease or Syndrome
Epileptic seizures - tonic	CUI=C0086241	STY=Disease or Syndrome
Epileptic seizures - tonic (finding)	CUI=C0086241	STY=Disease or Syndrome
Epileptic seizures - atonic	CUI=C0086236	STY=Disease or Syndrome
Epileptic seizures - atonic (finding)	CUI=C0086236	STY=Disease or Syndrome
Seizure disorder as sequela of stroke	CUI=C3662042	STY=Disease or Syndrome
Seizure disorder as sequela of stroke (disorder)	CUI=C3662042	STY=Disease or Syndrome
X-linked intellectual disability with seizure and psoriasis syndrome (disorder)	CUI=C2931381	STY=Disease or Syndrome
X-linked intellectual disability with seizure and psoriasis syndrome	CUI=C2931381	STY=Disease or Syndrome
SEIZURES, SENSORINEURAL DEAFNESS, ATAXIA, MENTAL RETARDATION, AND ELECTROLYTE IMBALANCE	CUI=C2748572	STY=Disease or Syndrome
SEIZURES, SENSORINEURAL DEAFNESS, ATAXIA, MENTAL RETARDATION, AND ELECTROLYTE IMBALANCE	CUI=C2748572	STY=Disease or Syndrome
Seizure, sensorineural deafness, ataxia, intellectual disability, electrolyte imbalance syndrome (disorder)	CUI=C2748572	STY=Disease or Syndrome
Seizure, sensorineural deafness, ataxia, intellectual disability, electrolyte imbalance syndrome	CUI=C2748572	STY=Disease or Syndrome
SESAME (seizures, sensorineural deafness, ataxia, mental retardation, electrolyte imbalance) syndrome	CUI=C2748572	STY=Disease or Syndrome
Osteogenesis imperfecta, retinopathy, seizures, intellectual disability syndrome	CUI=C4302824	STY=Disease or Syndrome
Osteogenesis imperfecta, retinopathy, seizures, intellectual disability syndrome (disorder)	CUI=C4302824	STY=Disease or Syndrome
Epilepsy of infancy with migrating focal seizures	CUI=C4518639	STY=Disease or Syndrome
Epilepsy of infancy with migrating focal seizures (disorder)	CUI=C4518639	STY=Disease or Syndrome
Microcephaly, seizure, intellectual disability, heart disease syndrome	CUI=C4509817	STY=Disease or Syndrome
Microcephaly, seizure, intellectual disability, heart disease syndrome (disorder)	CUI=C4509817	STY=Disease or Syndrome
SEIZURES, PYRIDOXINE-RESISTANT, PLP-SENSITIVE	CUI=C1864723	STY=Disease or Syndrome
Pyridoxal phosphate-responsive seizures	CUI=C1864723	STY=Disease or Syndrome
PYRIDOXINE DEPENDENCY WITH SEIZURES	CUI=C1849508	STY=Disease or Syndrome
Vitamin B6-dependent seizures	CUI=C1849508	STY=Disease or Syndrome
Visual seizure	CUI=C0270824	STY=Disease or Syndrome
Visual seizure	CUI=C0270824	STY=Disease or Syndrome
Cursive seizure	CUI=C0270819	STY=Disease or Syndrome
Cursive seizure (disorder)	CUI=C0270819	STY=Disease or Syndrome
Cursive seizure	CUI=C0270819	STY=Disease or Syndrome
Vertiginous seizure	CUI=C0422855	STY=Disease or Syndrome
Vertiginous seizure (disorder)	CUI=C0422855	STY=Disease or Syndrome
Vertiginous seizure	CUI=C0422855	STY=Disease or Syndrome
Vertiginous seizure (finding)	CUI=C0422855	STY=Disease or Syndrome
Neonatal seizures	CUI=C0159020	STY=Disease or Syndrome
Seizures in newborn	CUI=C0159020	STY=Disease or Syndrome
Seizures in the newborn	CUI=C0159020	STY=Disease or Syndrome
Neonatal seizures	CUI=C0159020	STY=Disease or Syndrome
Seizures in newborn	CUI=C0159020	STY=Disease or Syndrome
Partial seizure	CUI=C0751495	STY=Disease or Syndrome
Focal seizure	CUI=C0751495	STY=Disease or Syndrome
Local seizure	CUI=C0751495	STY=Disease or Syndrome
Seizures, partial, afebrile	CUI=C0751495	STY=Disease or Syndrome
Partial seizures, NOS	CUI=C0751495	STY=Disease or Syndrome
Seizures, partial	CUI=C0751495	STY=Disease or Syndrome
Partial seizures	CUI=C0751495	STY=Disease or Syndrome
Focal seizures	CUI=C0751495	STY=Disease or Syndrome
Partial seizure	CUI=C0751495	STY=Disease or Syndrome
Partial seizure (finding)	CUI=C0751495	STY=Disease or Syndrome
Seizures, focal	CUI=C0751495	STY=Disease or Syndrome
Seizures, Focal	CUI=C0751495	STY=Disease or Syndrome
Partial seizure	CUI=C0751495	STY=Disease or Syndrome
Focal seizure	CUI=C0751495	STY=Disease or Syndrome
Local seizure	CUI=C0751495	STY=Disease or Syndrome
Partial seizures	CUI=C0751495	STY=Disease or Syndrome
Partial seizure (disorder)	CUI=C0751495	STY=Disease or Syndrome
Focal seizure, NOS	CUI=C0751495	STY=Disease or Syndrome
Unclassified epileptic seizures	CUI=C0270826	STY=Disease or Syndrome
Unclassified epileptic seizures (disorder)	CUI=C0270826	STY=Disease or Syndrome
Situation-related seizures	CUI=C0393707	STY=Disease or Syndrome
Situation-related seizures (disorder)	CUI=C0393707	STY=Disease or Syndrome
Generalised-onset seizures	CUI=C0311334	STY=Disease or Syndrome
Generalized-onset seizures (disorder)	CUI=C0311334	STY=Disease or Syndrome
Generalized-onset seizures, NOS	CUI=C0311334	STY=Disease or Syndrome
Seizures due to metabolic disorder (disorder)	CUI=C1299598	STY=Disease or Syndrome
Seizures due to metabolic disorder	CUI=C1299598	STY=Disease or Syndrome
Alcoh withdrawal-induc seizure	CUI=C0586323	STY=Disease or Syndrome
Alcohol withdrawal-induced seizure	CUI=C0586323	STY=Disease or Syndrome
Alcohol withdrawal-induced seizure	CUI=C0586323	STY=Disease or Syndrome
Benign neonatal seizures	CUI=C0270851	STY=Disease or Syndrome
Benign neonatal seizures	CUI=C0270851	STY=Disease or Syndrome
Benign neonatal seizures (disorder)	CUI=C0270851	STY=Disease or Syndrome
Benign neonatal seizures	CUI=C0270851	STY=Disease or Syndrome
Benign neonatal seizures [Ambiguous]	CUI=C0270851	STY=Disease or Syndrome
Complex partial epileptic seizure (disorder)	CUI=C0085417	STY=Disease or Syndrome
Complex partial epileptic seizure	CUI=C0085417	STY=Disease or Syndrome
Simple partial seizure, consciousness not impaired	CUI=C0234974	STY=Disease or Syndrome
Simple partial seizures	CUI=C0234974	STY=Disease or Syndrome
Simple partial seizures with consciousness preserved	CUI=C0234974	STY=Disease or Syndrome
Simple Partial Seizures	CUI=C0234974	STY=Disease or Syndrome
Seizures, simple partial	CUI=C0234974	STY=Disease or Syndrome
Simple partial seizure (disorder)	CUI=C0234974	STY=Disease or Syndrome
Simple partial seizure	CUI=C0234974	STY=Disease or Syndrome
Simple partial seizure, consciousness not impaired	CUI=C0234974	STY=Disease or Syndrome
Simple partial seizure, consciousness not impaired (disorder)	CUI=C0234974	STY=Disease or Syndrome
Simple partial seizure, consciousness not impaired (finding)	CUI=C0234974	STY=Disease or Syndrome
Localization-related(focal)(partial)idiopathic epilepsy and epileptic syndromes with seizures of localised onset	CUI=C0475521	STY=Disease or Syndrome
Localization-related(focal)(partial)idiopathic epilepsy and epileptic syndromes with seizures of localized onset	CUI=C0475521	STY=Disease or Syndrome
Localization-related (focal) (partial) idiopathic epilepsy and epileptic syndromes with seizures of localized onset	CUI=C0475521	STY=Disease or Syndrome
Localization-related (focal) (partial) idiopathic epilepsy and epileptic syndromes with seizures of localized onset NOS	CUI=C0475521	STY=Disease or Syndrome
Localization-related(focal)(partial)idiopathic epilepsy and epileptic syndromes with seizures of localised onset	CUI=C0475521	STY=Disease or Syndrome
Localization-related(focal)(partial)idiopathic epilepsy and epileptic syndromes with seizures of localized onset	CUI=C0475521	STY=Disease or Syndrome
Localization-related(focal)(partial)idiopathic epilepsy and epileptic syndromes with seizures of localized onset (disorder)	CUI=C0475521	STY=Disease or Syndrome
Complex partial epileptic seizure (disorder)	CUI=C0085417	STY=Disease or Syndrome
Complex partial epileptic seizure	CUI=C0085417	STY=Disease or Syndrome
Simple partial seizure, consciousness not impaired	CUI=C0234974	STY=Disease or Syndrome
Simple partial seizures	CUI=C0234974	STY=Disease or Syndrome
Simple partial seizures with consciousness preserved	CUI=C0234974	STY=Disease or Syndrome
Simple Partial Seizures	CUI=C0234974	STY=Disease or Syndrome
Seizures, simple partial	CUI=C0234974	STY=Disease or Syndrome
Simple partial seizure (disorder)	CUI=C0234974	STY=Disease or Syndrome
Simple partial seizure	CUI=C0234974	STY=Disease or Syndrome
Simple partial seizure, consciousness not impaired	CUI=C0234974	STY=Disease or Syndrome
Simple partial seizure, consciousness not impaired (disorder)	CUI=C0234974	STY=Disease or Syndrome
Simple partial seizure, consciousness not impaired (finding)	CUI=C0234974	STY=Disease or Syndrome
Localization-related(focal)(partial)idiopathic epilepsy and epileptic syndromes with seizures of localised onset	CUI=C0475521	STY=Disease or Syndrome
Localization-related(focal)(partial)idiopathic epilepsy and epileptic syndromes with seizures of localized onset	CUI=C0475521	STY=Disease or Syndrome
Localization-related (focal) (partial) idiopathic epilepsy and epileptic syndromes with seizures of localized onset	CUI=C0475521	STY=Disease or Syndrome
Localization-related (focal) (partial) idiopathic epilepsy and epileptic syndromes with seizures of localized onset NOS	CUI=C0475521	STY=Disease or Syndrome
Localization-related(focal)(partial)idiopathic epilepsy and epileptic syndromes with seizures of localised onset	CUI=C0475521	STY=Disease or Syndrome
Localization-related(focal)(partial)idiopathic epilepsy and epileptic syndromes with seizures of localized onset	CUI=C0475521	STY=Disease or Syndrome
Localization-related(focal)(partial)idiopathic epilepsy and epileptic syndromes with seizures of localized onset (disorder)	CUI=C0475521	STY=Disease or Syndrome
Absence seizure	CUI=C0014553	STY=Disease or Syndrome
Petit-mal seizure	CUI=C0014553	STY=Disease or Syndrome
Absence seizures	CUI=C0014553	STY=Disease or Syndrome
Typical absence seizure	CUI=C0014553	STY=Disease or Syndrome
Typical absence seizure (disorder)	CUI=C0014553	STY=Disease or Syndrome
Absence seizure	CUI=C0014553	STY=Disease or Syndrome
Absence seizure (finding)	CUI=C0014553	STY=Disease or Syndrome
Absence seizure	CUI=C0014553	STY=Disease or Syndrome
Absence seizure (finding)	CUI=C0014553	STY=Disease or Syndrome
Absence seizure	CUI=C0014553	STY=Disease or Syndrome
Petit-mal seizure	CUI=C0014553	STY=Disease or Syndrome
Absence seizure (disorder)	CUI=C0014553	STY=Disease or Syndrome
Atonic seizure	CUI=C0270846	STY=Disease or Syndrome
Atonic seizures	CUI=C0270846	STY=Disease or Syndrome
Seizures, atonic	CUI=C0270846	STY=Disease or Syndrome
Atonic seizure	CUI=C0270846	STY=Disease or Syndrome
Finding of atonic seizure (finding)	CUI=C0270846	STY=Disease or Syndrome
Atonic seizure - finding	CUI=C0270846	STY=Disease or Syndrome
Atonic seizure (finding)	CUI=C0270846	STY=Disease or Syndrome
Atonic seizure	CUI=C0270846	STY=Disease or Syndrome
Atonic seizures	CUI=C0270846	STY=Disease or Syndrome
Atonic seizure	CUI=C0270846	STY=Disease or Syndrome
Atonic seizure (disorder)	CUI=C0270846	STY=Disease or Syndrome
Atonic seizure [Ambiguous]	CUI=C0270846	STY=Disease or Syndrome
Atypical absence seizure	CUI=C0595948	STY=Disease or Syndrome
Atypical absence seizures	CUI=C0595948	STY=Disease or Syndrome
Seizures, atypical absence	CUI=C0595948	STY=Disease or Syndrome
Atypical absence seizures	CUI=C0595948	STY=Disease or Syndrome
Atypical absence seizure	CUI=C0595948	STY=Disease or Syndrome
Atypical absence seizure (disorder)	CUI=C0595948	STY=Disease or Syndrome
Epileptic seizures - myoclonic	CUI=C4317123	STY=Disease or Syndrome
Myoclonic seizure	CUI=C4317123	STY=Disease or Syndrome
Seizures, myoclonic	CUI=C4317123	STY=Disease or Syndrome
Myoclonic seizures	CUI=C4317123	STY=Disease or Syndrome
Myoclonic seizure disorder	CUI=C4317123	STY=Disease or Syndrome
Myoclonic seizure	CUI=C4317123	STY=Disease or Syndrome
Myoclonic seizure	CUI=C4317123	STY=Disease or Syndrome
Myoclonic Seizures	CUI=C4317123	STY=Disease or Syndrome
Myoclonic seizures	CUI=C4317123	STY=Disease or Syndrome
Epileptic seizures - myoclonic	CUI=C4317123	STY=Disease or Syndrome
Myoclonic seizure	CUI=C4317123	STY=Disease or Syndrome
Epileptic seizures - myoclonic (disorder)	CUI=C4317123	STY=Disease or Syndrome
Myoclonic seizure (disorder)	CUI=C4317123	STY=Disease or Syndrome
Tonic seizure	CUI=C0270844	STY=Disease or Syndrome
Tonic seizures	CUI=C0270844	STY=Disease or Syndrome
Seizures, tonic	CUI=C0270844	STY=Disease or Syndrome
Tonic seizures	CUI=C0270844	STY=Disease or Syndrome
Tonic Seizures	CUI=C0270844	STY=Disease or Syndrome
Tonic seizure	CUI=C0270844	STY=Disease or Syndrome
Tonic seizure (disorder)	CUI=C0270844	STY=Disease or Syndrome
Tonic-clonic seizure	CUI=C0494475	STY=Disease or Syndrome
Generalized tonic clonic seizures	CUI=C0494475	STY=Disease or Syndrome
Generalized tonic-clonic seizures	CUI=C0494475	STY=Disease or Syndrome
Seizures, generalized tonic-clonic	CUI=C0494475	STY=Disease or Syndrome
Generalized clonic-tonic seizures	CUI=C0494475	STY=Disease or Syndrome
Seizures, tonic-clonic	CUI=C0494475	STY=Disease or Syndrome
Generalized tonic-clonic seizures (GTCS)	CUI=C0494475	STY=Disease or Syndrome
Generalised tonic clonic seizure	CUI=C0494475	STY=Disease or Syndrome
Seizures, clonic-tonic	CUI=C0494475	STY=Disease or Syndrome
Tonic-clonic seizures	CUI=C0494475	STY=Disease or Syndrome
Grand mal seizures	CUI=C0494475	STY=Disease or Syndrome
Grand mal seizure NOS	CUI=C0494475	STY=Disease or Syndrome
Generalized tonic-clonic seizure	CUI=C0494475	STY=Disease or Syndrome
Generalised tonic clonic seizures  	CUI=C0311334	STY=Disease or Syndrome
Seizures, generalized tonic-clonic (GTCS)	CUI=C0494475	STY=Disease or Syndrome
Grand mal seizure	CUI=C0494475	STY=Disease or Syndrome
Grand mal seizure (disorder)	CUI=C0494475	STY=Disease or Syndrome
Grand mal seizure	CUI=C0494475	STY=Disease or Syndrome
Grand mal seizure	CUI=C0494475	STY=Disease or Syndrome
Grand mal seizure (finding)	CUI=C0494475	STY=Disease or Syndrome
Tonic-clonic seizures	CUI=C0494475	STY=Disease or Syndrome
Tonic-clonic seizure	CUI=C0494475	STY=Disease or Syndrome
Tonic-clonic seizure (finding)	CUI=C0494475	STY=Disease or Syndrome
Tonic - clonic seizures	CUI=C0494475	STY=Disease or Syndrome
Clonic seizure	CUI=C0234535	STY=Disease or Syndrome
Clonic seizures	CUI=C0234535	STY=Disease or Syndrome
Seizures, clonic	CUI=C0234535	STY=Disease or Syndrome
Clonic seizure	CUI=C0234535	STY=Disease or Syndrome
Clonic seizure (finding)	CUI=C0234535	STY=Disease or Syndrome
Seizure	CUI=C0036572	STY=Disease or Syndrome
Seizures	CUI=C0036572	STY=Dsease or Syndrome
