major motor seizure	CUI=C0014549	PREF=major motor seizure dis	TUI=T047	STY=Disease or Syndrome
tonic-clonic epileptic seizures 	CUI=C0014549	PREF=epileptic seizures, tonic-clonic	TUI=T047	STY=Disease or Syndrome
temporal lobe seizure	CUI=C0014556	PREF=Temporal lobe epilepsy	TUI=T047	STY=Disease or Syndrome
temporal lobe seizures	CUI=C0014556	PREF=Temporal lobe epilepsy	TUI=T047	STY=Disease or Syndrome
focal motor	CUI=C0016399	PREF=Epilepsy, Partial, Motor	TUI=T047	STY=Disease or Syndrome
focal motor seizure	CUI=C0016399	PREF=Epilepsy, Partial, Motor	TUI=T047	STY=Disease or Syndrome
focal motor seizures	CUI=C0016399	PREF=Epilepsy, Partial, Motor	TUI=T047	STY=Disease or Syndrome
motor seizure	CUI=C0016399	PREF=Epilepsy, Partial, Motor	TUI=T047	STY=Disease or Syndrome
motor seizures	CUI=C0016399	PREF=Epilepsy, Partial, Motor	TUI=T047	STY=Disease or Syndrome
partial motor attacks	CUI=C0016399	PREF=Epilepsy, Partial, Motor	TUI=T047	STY=Disease or Syndrome
partial motor seizure 	CUI=C0016399	PREF=Epilepsy, Partial, Motor	TUI=T047	STY=Disease or Syndrome
partial motor seizures   	CUI=C0016399	PREF=Epilepsy, Partial, Motor	TUI=T047	STY=Disease or Syndrome
simple partial seizure with motor dysfunction	CUI=C0016399	PREF=Epilepsy, Partial, Motor	TUI=T047	STY=Disease or Syndrome
simple partial seizures with motor signs	CUI=C0016399	PREF=Epilepsy, Partial, Motor	TUI=T047	STY=Disease or Syndrome
myoclonus, intention	CUI=C0021712	PREF=Myoclonus, Intention	TUI=T184	STY=sign or symptom
Jacksonian seizure	CUI=C0022333	PREF=Jacksonian seizure	TUI=T047	STY=Disease or Syndrome
Jacksonian seizures	CUI=C0022333	PREF=Jacksonian seizure	TUI=T047	STY=Disease or Syndrome
myoclonus, palatal	CUI=C0030214	PREF=Myoclonus, Palatal	TUI=T184	STY=sign or symptom
palatal nystagmus	CUI=C0030214	PREF=Myoclonus, Palatal	TUI=T184	STY=sign or symptom
paramyoclonus multiplex	CUI=C0030463	PREF=paramyoclonus multiplex	TUI=T047	STY=Disease or Syndrome
generalized status epilepticus	CUI=C0038220	PREF=Status Epilepticus	TUI=T047	STY=Disease or Syndrome
status epilepticus 	CUI=C0038220	PREF=Status Epilepticus	TUI=T047	STY=Disease or Syndrome
status epilepticus, generalized	CUI=C0038220	PREF=Status Epilepticus	TUI=T047	STY=Disease or Syndrome
status epilepticus, unspecified	CUI=C0038220	PREF=Status Epilepticus	TUI=T047	STY=Disease or Syndrome
frontal lobe seizure	CUI=C0085541	PREF=Epilepsy, Frontal Lobe	TUI=T047	STY=Disease or Syndrome
frontal lobe seizures	CUI=C0085541	PREF=Epilepsy, Frontal Lobe	TUI=T047	STY=Disease or Syndrome
motor simple partial status	CUI=C0085543	PREF=Epilepsia Partialis Continua	TUI=T047	STY=Disease or Syndrome
complex partial epileptic seizure	CUI=C0149958	PREF=Complex partial seizure	TUI=T047	STY=Disease or Syndrome
Complex partial seizure	CUI=C0149958	PREF=Complex partial seizure	TUI=T047	STY=Disease or Syndrome
complex partial seizures	CUI=C0149958	PREF=Complex partial seizure	TUI=T047	STY=Disease or Syndrome
Partial complex seizure	CUI=C0149958	PREF=Complex Partial Seizure	TUI=T047	STY=Disease or Syndrome
Partial complex seizures	CUI=C0149958	PREF=Partial complex seizure	TUI=T047	STY=Disease or Syndrome
partial epilepsy, complex	CUI=C0149958	PREF=Complex partial seizure	TUI=T047	STY=Disease or Syndrome
Psychomotor fit	CUI=C0149958	PREF=Complex Partial Seizure	TUI=T047	STY=Disease or Syndrome
convulsions in newborn	CUI=C0159020	PREF=Convulsions in the newborn	TUI=T047	STY=Disease or Syndrome
convulsions in the newborn 	CUI=C0159020	PREF=Convulsions in the newborn	TUI=T047	STY=Disease or Syndrome
convulsions neonatal	CUI=C0159020	PREF=Convulsions in the newborn	TUI=T047	STY=Disease or Syndrome
convulsions of newborn	CUI=C0159020	PREF=Convulsions in the newborn	TUI=T047	STY=Disease or Syndrome
fits in newborn	CUI=C0159020	PREF=Convulsions in the newborn	TUI=T047	STY=Disease or Syndrome
fits in the newborn	CUI=C0159020	PREF=Convulsions in the newborn	TUI=T047	STY=Disease or Syndrome
neonatal convulsions	CUI=C0159020	PREF=Convulsions in the newborn	TUI=T047	STY=Disease or Syndrome
neonatal seizures	CUI=C0159020	PREF=Convulsions in the newborn	TUI=T047	STY=Disease or Syndrome
seizures in newborn	CUI=C0159020	PREF=Convulsions in the newborn	TUI=T047	STY=Disease or Syndrome
seizures in the newborn	CUI=C0159020	PREF=Convulsions in the newborn	TUI=T047	STY=Disease or Syndrome
generalised convulsions	CUI=C0234533	PREF=Generalized seizures	TUI=T047	STY=Disease or Syndrome
generalised fit	CUI=C0234533	PREF=Generalized seizures	TUI=T047	STY=Disease or Syndrome
generalised fits	CUI=C0234533	PREF=Generalized seizures	TUI=T047	STY=Disease or Syndrome
generalised seizure	CUI=C0234533	PREF=Generalized seizures	TUI=T047	STY=Disease or Syndrome
generalised seizures	CUI=C0234533	PREF=generalised seizures	TUI=T047	STY=Disease or Syndrome
Generalized-onset seizure	CUI=C0234533	PREF=Generalized seizures	TUI=T047	STY=Disease or Syndrome
seizure, generalized	CUI=C0234533	PREF=Generalized seizures	TUI=T047	STY=Disease or Syndrome
Clonic convulsion	CUI=C0234535	PREF=Clonic Seizures	TUI=T047	STY=Disease or Syndrome
Clonic convulsions	CUI=C0234535	PREF=Clonic Seizures	TUI=T047	STY=Disease or Syndrome
Clonic Seizure	CUI=C0234535	PREF=Clonic Seizures	TUI=T047	STY=Disease or Syndrome
Clonic Seizures	CUI=C0234535	PREF=Clonic Seizures	TUI=T047	STY=Disease or Syndrome
epileptic aura	CUI=C0234542	PREF=Epileptic aura	TUI=T184	STY=Sign or Symptom
partial seizures, simple	CUI=C0234974	PREF=Simple Partial Seizures	TUI=T047	STY=Disease or Syndrome
partial seizures, simple, consciousness preserved	CUI=C0234974	PREF=Simple Partial Seizures	TUI=T047	STY=Disease or Syndrome
simple partial seizure	CUI=C0234974	PREF=simple partial seizure	TUI=T047	STY=Disease or Syndrome
simple partial seizure, consciousness not impaired	CUI=C0234974	PREF=Simple Partial Seizures	TUI=T047	STY=Disease or Syndrome
simple partial seizures	CUI=C0234974	PREF=simple partial seizures	TUI=T047	STY=Disease or Syndrome
simple partial seizures with consciousness preserved	CUI=C0234974	PREF=Simple Partial Seizures	TUI=T047	STY=Disease or Syndrome
dysphonia of palatopharyngolaryngeal myoclonus	CUI=C0264608	PREF=Dysphonia of palatopharyngolaryngeal myoclonus	TUI=T047	STY=Disease or Syndrome
essential myoclonus	CUI=C0270737	PREF=Familial essential myoclonus	TUI=T047	STY=Disease or Syndrome
familial essential myoclonus	CUI=C0270737	PREF=Familial essential myoclonus	TUI=T047	STY=Disease or Syndrome
cursive seizure	CUI=C0270819	PREF=Reflex Epilepsy, Cursive (Running)	TUI=T047	STY=Disease or Syndrome
cursive seizures	CUI=C0270819	PREF=Reflex Epilepsy, Cursive (Running)	TUI=T047	STY=Disease or Syndrome
gelastic seizure	CUI=C0270820	PREF=Gelastic Epilepsy	TUI=T047	STY=Disease or Syndrome
gelastic seizures	CUI=C0270820	PREF=Gelastic Epilepsy	TUI=T047	STY=Disease or Syndrome
retropulsion absence	CUI=C0270821	PREF=Retropulsion petit mal	TUI=T047	STY=Disease or Syndrome
retropulsion petit mal	CUI=C0270821	PREF=Retropulsion petit mal	TUI=T047	STY=Disease or Syndrome
centrencephalic absence	CUI=C0270822	PREF=Centrencephalic epilepsy	TUI=T047	STY=Disease or Syndrome
absence status	CUI=C0270823	PREF=Petit mal status	TUI=T047	STY=Disease or Syndrome
epilepsia minoris continua	CUI=C0270823	PREF=Petit mal status	TUI=T047	STY=Disease or Syndrome
epileptic absence status	CUI=C0270823	PREF=Petit mal status	TUI=T047	STY=Disease or Syndrome
epileptic confusional state	CUI=C0270823	PREF=Petit mal status	TUI=T047	STY=Disease or Syndrome
non-convulsive status epilepticus wth impaired consciousness	CUI=C0270823	PREF=Petit mal status	TUI=T047	STY=Disease or Syndrome
petit mal status epilepticus	CUI=C0270823	PREF=Petit mal status	TUI=T047	STY=Disease or Syndrome
petit mal status, epileptic	CUI=C0270823	PREF=Petit mal status	TUI=T047	STY=Disease or Syndrome
petit-mal status	CUI=C0270823	PREF=Petit mal status	TUI=T047	STY=Disease or Syndrome
prolonged epileptic twilight state	CUI=C0270823	PREF=Petit mal status	TUI=T047	STY=Disease or Syndrome
spike wave stupor	CUI=C0270823	PREF=Petit mal status	TUI=T047	STY=Disease or Syndrome
status pyknolepticus	CUI=C0270823	PREF=Petit mal status	TUI=T047	STY=Disease or Syndrome
status, absence	CUI=C0270823	PREF=Petit mal status	TUI=T047	STY=Disease or Syndrome
status, petit mal	CUI=C0270823	PREF=Petit mal status	TUI=T047	STY=Disease or Syndrome
seizure, visual	CUI=C0270824	PREF=Visual seizure	TUI=T047	STY=Disease or Syndrome
visual seizure	CUI=C0270824	PREF=Visual seizure	TUI=T047	STY=Disease or Syndrome
visual seizures	CUI=C0270824	PREF=Visual seizure	TUI=T047	STY=Disease or Syndrome
unclassified epileptic seizures	CUI=C0270826	PREF=unclassified epileptic seizures	TUI=T047	STY=Disease or Syndrome
unclassified epileptic seizures	CUI=C0270826	PREF=unclassified epileptic seizures	TUI=T047	STY=Disease or Syndrome
Simple partial seizures with somatosensory or special sensory dysfunction	CUI=C0270830	PREF=Simple partial seizure with somatosensory or special sensory dysfunction	TUI=T047	STY=Disease or Syndrome
complex focal seizures	CUI=C0270834	PREF=Complex partial seizure with impairment of consciousness	TUI=T047	STY=Disease or Syndrome
complex partial seizure with consciousness impaired	CUI=C0270834	PREF=complex partial seizures with consciousness impaired	TUI=T047	STY=Disease or Syndrome
complex partial seizure with impairment of consciousness	CUI=C0270834	PREF=Complex partial seizure with impairment of consciousness	TUI=T047	STY=Disease or Syndrome
complex partial seizures with consciousness impaired	CUI=C0270834	PREF=Complex partial seizure with impairment of consciousness	TUI=T047	STY=Disease or Syndrome
complex partial seizures with impairment of consciousness	CUI=C0270834	PREF=complex partial seizure with impairment of consciousness	TUI=T047	STY=Disease or Syndrome
Dyscognitive seizures	CUI=C0270834	PREF=Complex partial seizure with impairment of consciousness	TUI=T047	STY=Disease or Syndrome
Focal impaired awareness seizures	CUI=C0270834	PREF=Complex partial seizure with impairment of consciousness	TUI=T047	STY=Disease or Syndrome
Focal seizures with impairment of consciousness or awareness	CUI=C0270834	PREF=Complex partial seizure with impairment of consciousness	TUI=T047	STY=Disease or Syndrome
automatism absence	CUI=C0270837	PREF=Epileptic automatism	TUI=T047	STY=Disease or Syndrome
automatism petit mal	CUI=C0270837	PREF=Epileptic automatism	TUI=T047	STY=Disease or Syndrome
complex partial seizure with automatisms	CUI=C0270837	PREF=Epileptic automatism	TUI=T047	STY=Disease or Syndrome
complex partial seizures with automatisms	CUI=C0270837	PREF=Epileptic automatism	TUI=T047	STY=Disease or Syndrome
epileptic automatism	CUI=C0270837	PREF=Epileptic automatism	TUI=T047	STY=Disease or Syndrome
epileptic complex partial seizures with automatisms	CUI=C0270837	PREF=Epileptic automatism	TUI=T047	STY=Disease or Syndrome
Secondarily generalised seizures	CUI=C0270838	PREF=Secondarily generalized seizures	TUI=T047	STY=Disease or Syndrome
secondarily generalized seizure 	CUI=C0270838	PREF=Secondarily generalized seizures, NOS	TUI=T047	STY=Disease or Syndrome
Secondarily generalized seizures	CUI=C0270838	PREF=Secondarily generalized seizures	TUI=T047	STY=Disease or Syndrome
secondary generalisation	CUI=C0270838	PREF=Secondarily generalized seizures	TUI=T047	STY=Disease or Syndrome
secondary generalised seizure	CUI=C0270838	PREF=Secondarily generalized seizures	TUI=T047	STY=Disease or Syndrome
secondary generalised seizures	CUI=C0270838	PREF=Secondary generalised seizures	TUI=T047	STY=Disease or Syndrome
secondary generalized seizure	CUI=C0270838	PREF=Secondary generalised seizure	TUI=T047	STY=Disease or Syndrome
epileptic seizures - tonic	CUI=C0270844	PREF=Tonic Seizures	TUI=T047	STY=Disease or Syndrome
epileptic seizures, tonic	CUI=C0270844	PREF=Tonic Seizures	TUI=T047	STY=Disease or Syndrome
tonic epileptic seizure 	CUI=C0270844	PREF=Tonic Seizures	TUI=T047	STY=Disease or Syndrome
tonic seizure	CUI=C0270844	PREF=Tonic seizures	TUI=T047	STY=Disease or Syndrome
tonic seizures	CUI=C0270844	PREF=Tonic seizures	TUI=T047	STY=Disease or Syndrome
atonic epileptic seizures  	CUI=C0270846	PREF=Epileptic drop attack	TUI=T047	STY=Disease or Syndrome
atonic seizure	CUI=C0270846	PREF=Epileptic drop attack	TUI=T047	STY=Disease or Syndrome
atonic seizures	CUI=C0270846	PREF=Epileptic drop attack	TUI=T047	STY=Disease or Syndrome
atonic seizures	CUI=C0270846	PREF=Epileptic drop attack	TUI=T047	STY=Disease or Syndrome
atonic seizures	CUI=C0270846	PREF=Epileptic drop attack	TUI=T047	STY=Disease or Syndrome
epileptic drop attack	CUI=C0270846	PREF=Epileptic drop attack	TUI=T047	STY=Disease or Syndrome
epileptic drop attacks	CUI=C0270846	PREF=Epileptic drop attack	TUI=T047	STY=Disease or Syndrome
epileptic seizures - atonic	CUI=C0270846	PREF=Epileptic drop attack	TUI=T047	STY=Disease or Syndrome
benign neonatal convulsion	CUI=C0270851	PREF=Benign neonatal epilepsy	TUI=T047	STY=Disease or Syndrome
benign neonatal convulsion	CUI=C0270851	PREF=Benign neonatal epilepsy	TUI=T047	STY=Disease or Syndrome
benign neonatal convulsions	CUI=C0270851	PREF=Benign neonatal epilepsy	TUI=T047	STY=Disease or Syndrome
benign neonatal seizures	CUI=C0270851	PREF=benign neonatal seizures	TUI=T047	STY=Disease or Syndrome
benign neonatal seizures	CUI=C0270851	PREF=Benign neonatal epilepsy	TUI=T047	STY=Disease or Syndrome
benign neonatal seizures disorder	CUI=C0270851	PREF=Benign neonatal epilepsy	TUI=T047	STY=Disease or Syndrome
convulsions, benign neonatal	CUI=C0270851	PREF=Benign neonatal epilepsy	TUI=T047	STY=Disease or Syndrome
neonatal convulsions, benign	CUI=C0270851	PREF=Benign neonatal epilepsy	TUI=T047	STY=Disease or Syndrome
Akinetic seizure without atonia	CUI=C0278187	PREF=Akinetic seizure without atonia	TUI=T047	STY=Disease or Syndrome
hallucination seizure	CUI=C0278188	PREF=Visual partial seizure	TUI=T047	STY=Disease or Syndrome
partial seizure, visual	CUI=C0278188	PREF=Visual partial seizure	TUI=T047	STY=Disease or Syndrome
seizure, visual partial	CUI=C0278188	PREF=Visual partial seizure	TUI=T047	STY=Disease or Syndrome
visual partial seizure 	CUI=C0278188	PREF=Visual partial seizure	TUI=T047	STY=Disease or Syndrome
visual partial seizures	CUI=C0278188	PREF=Visual partial seizure	TUI=T047	STY=Disease or Syndrome
gustatory partial seizure	CUI=C0278192	PREF=Gustatory Partial Seizure	TUI=T047	STY=Disease or Syndrome
gustatory partial seizurse   	CUI=C0278192	PREF=Gustatory Partial Seizure	TUI=T047	STY=Disease or Syndrome
gustatory seizure	CUI=C0278192	PREF=Gustatory Partial Seizure	TUI=T047	STY=Disease or Syndrome
partial seizure, gustatory	CUI=C0278192	PREF=Gustatory Partial Seizure	TUI=T047	STY=Disease or Syndrome
partial seizures, gustatory	CUI=C0278192	PREF=Gustatory Partial Seizure	TUI=T047	STY=Disease or Syndrome
seizure, gustatory partial	CUI=C0278192	PREF=Gustatory Partial Seizure	TUI=T047	STY=Disease or Syndrome
Reading seizure	CUI=C0278193	PREF=Reflex Epilepsy, Reading	TUI=T047	STY=Disease or Syndrome
partial seizures with impaired consciousness	CUI=C0278199	PREF=Partial seizure with impaired consciousness	TUI=T047	STY=Disease or Syndrome
partial seizures with impaired consciousness	CUI=C0278199	PREF=Partial seizure with impaired consciousness	TUI=T047	STY=Disease or Syndrome
partial seizures with illusions and hallucinations	CUI=C0278202	PREF=partial seizure with illusions and hallucinations	TUI=T047	STY=Disease or Syndrome
partial seizures with illusions and hallucinations	CUI=C0278202	PREF=Partial seizure with illusions and hallucinations	TUI=T047	STY=Disease or Syndrome
partial seizures with multiple symptoms	CUI=C0278203	PREF=Partial seizure with multiple symptoms	TUI=T047	STY=Disease or Syndrome
partial seizures with multiple symptoms	CUI=C0278203	PREF=Partial seizure with multiple symptoms	TUI=T047	STY=Disease or Syndrome
generalised onset seizures	CUI=C0311334	PREF=Generalized convulsive epilepsy	TUI=T047	STY=Disease or Syndrome
generalized convulsive seizure	CUI=C0311334	PREF=Generalized convulsive epilepsy	TUI=T047	STY=Disease or Syndrome
generalized convulsive seizures	CUI=C0311334	PREF=Generalized convulsive epilepsy	TUI=T047	STY=Disease or Syndrome
akinetic epileptic seizures	CUI=C0347869	PREF=Epilepsy, Akinetic	TUI=T047	STY=Disease or Syndrome
akinetic seizures	CUI=C0347869	PREF=Epilepsy, Akinetic	TUI=T047	STY=Disease or Syndrome
akinetic seizures	CUI=C0347869	PREF=Epilepsy, Akinetic	TUI=T047	STY=Disease or Syndrome
epileptic seizures - akinetic	CUI=C0347869	PREF=Epilepsy, Akinetic	TUI=T047	STY=Disease or Syndrome
seizures, akinetic	CUI=C0347869	PREF=Epilepsy, Akinetic	TUI=T047	STY=Disease or Syndrome
clonic epileptic seizures   	CUI=C0347870	PREF=Epileptic seizures - clonic	TUI=T047	STY=Disease or Syndrome
epileptic seizures - clonic	CUI=C0347870	PREF=Epileptic seizures - clonic	TUI=T047	STY=Disease or Syndrome
epileptic seizures, clonic	CUI=C0347870	PREF=Epileptic seizures - clonic	TUI=T047	STY=Disease or Syndrome
other specified myoclonus	CUI=C0393618	PREF=Other specified myoclonus	TUI=T047	STY=Disease or Syndrome
symptomatic myoclonus	CUI=C0393619	PREF=Symptomatic myoclonus	TUI=T047	STY=Disease or Syndrome
drug-induced myoclonus	CUI=C0393622	PREF=Drug-induced myoclonus	TUI=T046	STY=Pathologic Function
segmental cord myoclonus	CUI=C0393623	PREF=Segmental cord myoclonus	TUI=T047	STY=Disease or Syndrome
palatal-tympanic myoclonus	CUI=C0393624	PREF=Palatal-tympanic myoclonus	TUI=T047	STY=Disease or Syndrome
hyoid myoclonus	CUI=C0393625	PREF=hyoid myoclonus	TUI=T047	STY=Disease or Syndrome
parietal lobe seizure	CUI=C0393690	PREF=Parietal lobe epilepsy	TUI=T047	STY=Disease or Syndrome
parietal lobe seizures	CUI=C0393690	PREF=Parietal lobe epilepsy	TUI=T047	STY=Disease or Syndrome
seizures of parietal lobe	CUI=C0393690	PREF=Parietal lobe epilepsy	TUI=T047	STY=Disease or Syndrome
occipital lobe seizure	CUI=C0393691	PREF=Occipital Lobe Epilepsy	TUI=T047	STY=Disease or Syndrome
occipital lobe seizures	CUI=C0393691	PREF=Occipital Lobe Epilepsy	TUI=T047	STY=Disease or Syndrome
myoclonic atonic seizure	CUI=C0393702	PREF=Myoclonic Astatic Epilepsy	TUI=T047	STY=Disease or Syndrome
myoclonic atonic seizures	CUI=C0393702	PREF=Myoclonic Astatic Epilepsy	TUI=T047	STY=Disease or Syndrome
myoclonic-atonic seizure	CUI=C0393702	PREF=Myoclonic Astatic Epilepsy	TUI=T047	STY=Disease or Syndrome
myoclonic-atonic seizures	CUI=C0393702	PREF=Myoclonic Astatic Epilepsy	TUI=T047	STY=Disease or Syndrome
myoclonic absence seizure	CUI=C0393703	PREF=Myoclonic Absence Epilepsy	TUI=T047	STY=Disease or Syndrome
myoclonic absence seizures	CUI=C0393703	PREF=Myoclonic Absence Epilepsy	TUI=T047	STY=Disease or Syndrome
situation related seizures	CUI=C0393707	PREF=situation-related seizures 	TUI=T033	STY=Finding
situation-related seizures	CUI=C0393707	PREF=situation-related seizures	TUI=T033	STY=Finding
eyelid myoclonus with absences	CUI=C0393722	PREF=Eyelid myoclonus with absences	TUI=T047	STY=Disease or Syndrome
photomyoclonus	CUI=C0393722	PREF=Eyelid myoclonus with absences	TUI=T047	STY=Disease or Syndrome
non-convulsive simple partial status epilepticus	CUI=C0393733	PREF=Non-convulsive simple partial status epilepticus	TUI=T047	STY=Disease or Syndrome
complex partial status epilepticus 	CUI=C0393734	PREF=Complex Partial Status Epilepticus	TUI=T047	STY=Disease or Syndrome
psychomotor status	CUI=C0393734	PREF=Complex Partial Status Epilepticus	TUI=T047	STY=Disease or Syndrome
status epilepticus, complex partial	CUI=C0393734	PREF=Complex Partial Status Epilepticus	TUI=T047	STY=Disease or Syndrome
auditory partial seizure	CUI=C0422852	PREF=Seizures, Auditory	TUI=T046	STY=Pathologic Function
auditory partial seizure	CUI=C0422852	PREF=Seizures, Auditory	TUI=T046	STY=Pathologic Function
auditory seizure	CUI=C0422852	PREF=Seizures, Auditory	TUI=T046	STY=Pathologic Function
auditory seizures	CUI=C0422852	PREF=Seizures, Auditory	TUI=T046	STY=Pathologic Function
Auditory uncinate fit	CUI=C0422852	PREF=Seizures, Auditory	TUI=T046	STY=Pathologic Function
seizure, auditory	CUI=C0422852	PREF=Seizures, Auditory	TUI=T046	STY=Pathologic Function
seizures, auditory	CUI=C0422852	PREF=Seizures, Auditory	TUI=T046	STY=Pathologic Function
olfactory seizure	CUI=C0422853	PREF=seizure, olfactory	TUI=T047	STY=Disease or Syndrome
olfactory seizures	CUI=C0422853	PREF= Olfactory seizure	TUI=T047	STY=Disease or Syndrome
olfactory uncinate fit	CUI=C0422853	PREF= Olfactory seizure	TUI=T047	STY=Disease or Syndrome
seizure, olfactory	CUI=C0422853	PREF= Olfactory seizure	TUI=T047	STY=Disease or Syndrome
seizures, olfactory	CUI=C0422853	PREF= Olfactory seizure	TUI=T047	STY=Disease or Syndrome
Focal sensory vestibular seizure	CUI=C0422855	PREF=Vertiginous seizure	TUI=T047	STY=Disease or Syndrome
seizure, vertiginous	CUI=C0422855	PREF=Vertiginous seizure	TUI=T047	STY=Disease or Syndrome
seizure, vestibular	CUI=C0422855	PREF=Vertiginous seizure	TUI=T047	STY=Disease or Syndrome
seizures, vertiginous	CUI=C0422855	PREF=Vertiginous seizure	TUI=T047	STY=Disease or Syndrome
seizures, vestibular	CUI=C0422855	PREF=Vertiginous seizure	TUI=T047	STY=Disease or Syndrome
vertiginous seizure	CUI=C0422855	PREF=seizure, vertiginous	TUI=T047	STY=Disease or Syndrome
vertiginous seizures	CUI=C0422855	PREF=vertiginous seizures	TUI=T047	STY=Disease or Syndrome
vestibular seizures	CUI=C0422855	PREF=Vertiginous seizure	TUI=T047	STY=Disease or Syndrome
absence seizure with impairment of consciousness only	CUI=C0422870	PREF=absence seizure with impairment of consciousness only	TUI=T033	STY=finding
absence seizures with mild clonic components	CUI=C0422871	PREF=Absence seizure with mild clonic components	TUI=T033	STY=Finding
absence seizure with atonic components 	CUI=C0422872	PREF=Absence seizure with atonic components	TUI=T046	STY=Pathologic Function
absence seizures with atonic components	CUI=C0422872	PREF=Absence seizure with atonic components	TUI=T046	STY=Pathologic Function
absences, atonic	CUI=C0422872	PREF=Absence seizure with atonic components	TUI=T046	STY=Pathologic Function
absence seizure with tonic components	CUI=C0422873	PREF=Absence seizure with tonic components	TUI=T033	STY=Finding
absence seizures with tonic components	CUI=C0422873	PREF=absence seizure with tonic components	TUI=T033	STY=finding
absence seizure with automatisms	CUI=C0422874	PREF=absence seizure with automatisms	TUI=T033	STY=finding
absence seizure, automatisms	CUI=C0422874	PREF=Absence seizure with automatisms	TUI=T033	STY=Finding
absence seizures with automatisms	CUI=C0422874	PREF=Absence seizure with automatisms	TUI=T033	STY=Finding
absence seizure with autonomic components	CUI=C0422875	PREF=absence seizure with autonomic components	TUI=T033	STY=finding
other status epilepticus	CUI=C0477372	PREF=other status epilepticus	TUI=T047	STY=Disease or Syndrome
convulsions grand mal	CUI=C0494475	PREF=Tonic - clonic seizures  	TUI=T047	STY=Disease or Syndrome
generalised tonic clonic seizure	CUI=C0494475	PREF=Tonic - clonic seizures  	TUI=T047	STY=Disease or Syndrome
generalised tonic clonic seizures	CUI=C0494475	PREF=Tonic - clonic seizures  	TUI=T047	STY=Disease or Syndrome
generalised tonic-clonic seizure	CUI=C0494475	PREF=Tonic - clonic seizures  	TUI=T047	STY=Disease or Syndrome
generalised tonic-clonic seizures	CUI=C0494475	PREF=Tonic - clonic seizures  	TUI=T047	STY=Disease or Syndrome
generalized tonic clonic seizure	CUI=C0494475	PREF=Tonic - clonic seizures  	TUI=T047	STY=Disease or Syndrome
generalized tonic clonic seizures	CUI=C0494475	PREF=Tonic - clonic seizures  	TUI=T047	STY=Disease or Syndrome
generalized tonic-clonic seizures	CUI=C0494475	PREF=Tonic - clonic seizures  	TUI=T047	STY=Disease or Syndrome
grand mal	CUI=C0494475	PREF=Tonic - clonic seizures  	TUI=T047	STY=Disease or Syndrome
grand mal convulsion	CUI=C0494475	PREF=Tonic - clonic seizures  	TUI=T047	STY=Disease or Syndrome
grand mal convulsions	CUI=C0494475	PREF=Tonic - clonic seizures  	TUI=T047	STY=Disease or Syndrome
tonic clonic convulsion	CUI=C0494475	PREF=Tonic - clonic seizures  	TUI=T047	STY=Disease or Syndrome
tonic clonic convulsions	CUI=C0494475	PREF=Tonic - clonic seizures  	TUI=T047	STY=Disease or Syndrome
tonic clonic seizure	CUI=C0494475	PREF=Tonic - clonic seizures  	TUI=T047	STY=Disease or Syndrome
tonic clonic seizures	CUI=C0494475	PREF=Tonic - clonic seizures  	TUI=T047	STY=Disease or Syndrome
tonic/clonic convulsions	CUI=C0494475	PREF=Tonic - clonic seizures  	TUI=T047	STY=Disease or Syndrome
tonic-clonic convulsion	CUI=C0494475	PREF=Tonic - clonic seizures  	TUI=T047	STY=Disease or Syndrome
tonic-clonic seizures	CUI=C0494475	PREF=Tonic - clonic seizures  	TUI=T047	STY=Disease or Syndrome
tonic-clonic seizure	CUI=C0494475	PREF=Tonic - clonic seizures  	TUI=T047	STY=Disease or Syndrome
focal Sensory Seizure	CUI=C0544645	PREF=Focal sensory seizure	TUI=T047	STY=Disease or Syndrome
focal sensory seizures	CUI=C0544645	PREF=Focal Sensory Seizure	TUI=T047	STY=Disease or Syndrome
salaam spasm	CUI=C0546878	PREF=salaam spasm	TUI=T047	STY=Disease or Syndrome
atypical absence seizure	CUI=C0595948	PREF=Atypical absence seizure	TUI=T047	STY=Disease or Syndrome
atypical absence seizures	CUI=C0595948	PREF=Atypical absence seizure	TUI=T047	STY=Disease or Syndrome
seizures, atypical absence	CUI=C0595948	PREF=Atypical absence seizure	TUI=T047	STY=Disease or Syndrome
focal seizure 	CUI=C0751495	PREF=seizure, focal	TUI=T047	STY=Disease or Syndrome
focal seizures	CUI=C0751495	PREF=Seizures, Focal	TUI=T047	STY=Disease or Syndrome
local convulsion	CUI=C0751495	PREF=Seizures, Focal	TUI=T047	STY=Disease or Syndrome
local seizure	CUI=C0751495	PREF=Seizures, Focal	TUI=T047	STY=Disease or Syndrome
local seizures	CUI=C0751495	PREF=Seizures, Focal	TUI=T047	STY=Disease or Syndrome
localisation related seizures	CUI=C0751495	PREF=Seizures, Focal	TUI=T047	STY=Disease or Syndrome
localization related seizure	CUI=C0751495	PREF=Seizures, Focal	TUI=T047	STY=Disease or Syndrome
partial afebrile seizures	CUI=C0751495	PREF=Seizures, Focal	TUI=T047	STY=Disease or Syndrome
partial seizure	CUI=C0751495	PREF=Seizures, Focal	TUI=T047	STY=Disease or Syndrome
partial seizures	CUI=C0751495	PREF=Seizures, Focal	TUI=T047	STY=Disease or Syndrome
partial seizure    	CUI=C0751495	PREF=partial seizures, nos	TUI=T047	STY=Disease or Syndrome
seizure, focal	CUI=C0751495	PREF=Seizures, Focal	TUI=T047	STY=Disease or Syndrome
seizure, partial	CUI=C0751495	PREF=Seizures, Focal	TUI=T047	STY=Disease or Syndrome
seizures, partial, afebrile	CUI=C0751495	PREF=Seizures, Foca	TUI=T047	STY=Disease or Syndrome
sensory seizure 	CUI=C0751496	PREF=Seizures, Sensory	TUI=T184	STY=Sign or Symptom
sensory seizures	CUI=C0751496	PREF=Seizures, Sensory	TUI=T047	STY=Disease or Syndrome
status epilepticus, simple partial	CUI=C0751524	PREF=Simple Partial Status Epilepticus	TUI=T047	STY=Disease or Syndrome
Benign neonatal sleep myoclonus	CUI=C0751946	PREF=Neonatal Sleep Myoclonus, Benign	TUI=T047	STY=Disease or Syndrome
myoclonus, benign neonatal sleep	CUI=C0751946	PREF=Neonatal Sleep Myoclonus, Benign	TUI=T047	STY=Disease or Syndrome
focal clonic seizures	CUI=C0752323	PREF=Focal Clonic Seizures	TUI=T047	STY=Disease or Syndrome
localized clonic seizures	CUI=C0752323	PREF=Focal Clonic Seizures	TUI=T047	STY=Disease or Syndrome
Partial clonic seizures	CUI=C0752323	PREF=Focal Clonic Seizures	TUI=T047	STY=Disease or Syndrome
focal tonic seizures	CUI=C0752324	PREF=Focal tonic seizures	TUI=T047	STY=Disease or Syndrome
Local tonic seizures	CUI=C0752324	PREF=Focal tonic seizures	TUI=T047	STY=Disease or Syndrome
Partial tonic seizures	CUI=C0752324	PREF=Focal tonic seizures	TUI=T047	STY=Disease or Syndrome
afebrile seizure	CUI=C0863106	PREF=Afebrile seizure	TUI=T047	STY=Disease or Syndrome
afebrile seizures	CUI=C0863106	PREF=Afebrile seizure	TUI=T047	STY=Disease or Syndrome
bilateral convulsive seizure	CUI=C0877017	PREF=Generalized tonic-clonic seizures with focal onset	TUI=T047	STY=Disease or Syndrome
bilateral convulsive seizures	CUI=C0877017	PREF=Generalized tonic-clonic seizures with focal onset	TUI=T047	STY=Disease or Syndrome
Generalized tonic-clonic seizures, secondary	CUI=C0877017	PREF=Generalized tonic-clonic seizures with focal onset	TUI=T047	STY=Disease or Syndrome
Secondarily generalised tonic-clonic seizures	CUI=C0877017	PREF=Generalized tonic-clonic seizures with focal onset	TUI=T047	STY=Disease or Syndrome
Secondary generalised tonic clonic seizure	CUI=C0877017	PREF=Secondary generalized tonic clonic seizures	TUI=T047	STY=Disease or Syndrome
Secondary generalised tonic clonic seizures	CUI=C0877017	PREF=Generalized tonic-clonic seizures with focal onset	TUI=T047	STY=Disease or Syndrome
Secondary generalized tonic clonic seizure	CUI=C0877017	PREF=Secondary generalized tonic clonic seizures	TUI=T047	STY=Disease or Syndrome
Secondary generalized tonic clonic seizures	CUI=C0877017	PREF=Generalized tonic-clonic seizures with focal onset	TUI=T047	STY=Disease or Syndrome
seizure free	CUI=C1299590	PREF=seizure free	TUI=T033	STY=Finding
seizure due to metabolic disorder	CUI=C1299598	PREF=seizures due to metabolic disorder	TUI=T047	STY=Disease or Syndrome
seizures due to metabolic disorder	CUI=C1299598	PREF=seizures due to metabolic disorder	TUI=T047	STY=Disease or Syndrome
epileptic spasms	CUI=C1527366	PREF=Salaam seizures	TUI=T047	STY=Disease or Syndrome
salaam attack	CUI=C1527366	PREF=Salaam seizures	TUI=T047	STY=Disease or Syndrome
salaam attacks	CUI=C1527366	PREF=Salaam seizures	TUI=T047	STY=Disease or Syndrome
salaam seizure	CUI=C1527366	PREF=Salaam seizures	TUI=T047	STY=Disease or Syndrome
salaam seizures	CUI=C1527366	PREF=Salaam seizures	TUI=T047	STY=Disease or Syndrome
intractable myoclonic seizure   	CUI=C1836402	PREF=myoclonic seizure, intractable	TUI=T033	STY=finding
myoclonic seizure, intractable	CUI=C1836402	PREF=Myoclonic seizure, refractory	TUI=T033	STY=Finding
myoclonic seizure, refractory	CUI=C1836402	PREF=myoclonic seizure, refractory	TUI=T033	STY=finding
myoclonic seizures, intractable	CUI=C1836402	PREF=Myoclonic seizure, refractory	TUI=T033	STY=Finding
hemiclonic seizures	CUI=C1846620	PREF=Hemiclonic seizures	TUI=T033	STY=Finding
Unilateral clonic seizures	CUI=C1846620	PREF=Hemiclonic seizures	TUI=T033	STY=Finding
pyridoxine dependent seizures	CUI=C1849508	PREF=EPILEPSY, PYRIDOXINE-DEPENDENT	TUI=T047	STY=Disease or Syndrome
pyridoxine-dependent seizures	CUI=C1849508	PREF=EPILEPSY, PYRIDOXINE-DEPENDENT	TUI=T047	STY=Disease or Syndrome
pyridoxal phosphate-responsive seizures	CUI=C1864723	PREF=EPILEPSY, PYRIDOXINE-DEPENDENT	TUI=T047	STY=Disease or Syndrome
pyridoxine-5'-phosphate oxidase deficiency	CUI=C1864723	PREF=EPILEPSY, PYRIDOXINE-DEPENDENT	TUI=T047	STY=Disease or Syndrome
vitamine B6 dependent seizures	CUI=C1864723	PREF=EPILEPSY, PYRIDOXINE-DEPENDENT	TUI=T047	STY=Disease or Syndrome
non-epileptic myoclonus	CUI=C1960676	PREF=Non-epileptic myoclonus	TUI=T047	STY=Disease or Syndrome
myoclonus of stapedius muscle	CUI=C1960877	PREF=Stapedial myoclonus	TUI=T047	STY=Disease or Syndrome
stapedial myoclonus	CUI=C1960877	PREF=Stapedial myoclonus	TUI=T047	STY=Disease or Syndrome
myoclonus of tensor tympani muscle	CUI=C1998254	PREF=Myoclonus of tensor tympani muscle	TUI=T047	STY=Disease or Syndrome
myoclonus tensor tympani muscle	CUI=C1998254	PREF=Myoclonus of tensor tympani muscle	TUI=T047	STY=Disease or Syndrome
tensor tympani myoclonus	CUI=C1998254	PREF=Myoclonus of tensor tympani muscle	TUI=T047	STY=Disease or Syndrome
photosensitive seizures	CUI=C2080645	PREF=photosensitive seizures	TUI=T047	STY=Disease or Syndrome
febrile myoclonus	CUI=C2711743	PREF=febrile myoclonus	TUI=T047	STY=Disease or Syndrome
myoclonus associated with fever	CUI=C2711743	PREF=febrile myoclonus	TUI=T047	STY=Disease or Syndrome
post traumatic seizure	CUI=C2921125	PREF=Post traumatic seizures	TUI=T047	STY=Disease or Syndrome
Post traumatic seizures	CUI=C2921125	PREF=Post traumatic seizures	TUI=T047	STY=Disease or Syndrome
post-traumatic seizure	CUI=C2921125	PREF=Post traumatic seizures	TUI=T047	STY=Disease or Syndrome
post-traumatic seizures	CUI=C2921125	PREF=Post traumatic seizures	TUI=T047	STY=Disease or Syndrome
focal seizure with experiential sensory symptoms	CUI=C3164682	PREF=focal seizure with experiential sensory symptoms	TUI=T033	STY=finding
focal seizure with experiential sensory symptoms	CUI=C3164682	PREF=Focal seizure with experiential sensory symptoms	TUI=T033	STY=Finding
temporo-parieto-occipital junction seizure	CUI=C3164682	PREF=temporo-parieto-occipital junction seizure	TUI=T033	STY=Finding
temporo-parieto-occipital junction seizure	CUI=C3164682	PREF=Focal seizure with experiential sensory symptoms	TUI=T033	STY=Finding
migrating partial seizures in infancy	CUI=C3494976	PREF=migrating partial seizures in infancy	TUI=T047	STY=Disease or Syndrome
migrating partial seizures in infancy	CUI=C3494976	PREF=Migrating partial seizures in infancy	TUI=T047	STY=Disease or Syndrome
myoclonic seizure, non-refractory	CUI=C3494990	PREF=myoclonic seizure, non-refractory	TUI=T047	STY=Disease or Syndrome
myoclonic seizures, non-intractable	CUI=C3494990	PREF=myoclonic seizure, non-intractable	TUI=T047	STY=Disease or Syndrome
intractable atonic seizures	CUI=C3495021	PREF=Atonic seizure, intractable	TUI=T047	STY=Disease or Syndrome
refractory atonic seizures 	CUI=C3495021	PREF=Atonic seizure, refractory	TUI=T047	STY=Disease or Syndrome
non-intractable atonic seizures	CUI=C3495022	PREF=Atonic seizure, non-intractable	TUI=T047	STY=Disease or Syndrome
non-refractory atonic seizure 	CUI=C3495022	PREF=Atonic seizure, non-refractory	TUI=T047	STY=Disease or Syndrome
non-intractable typical absence seizure	CUI=C3495024	PREF=typical absence seizure, non-intractable	TUI=T047	STY=Disease or Syndrome
non-refractory typical absence seizures 	CUI=C3495024	PREF=typical absence seizure, non-refractory	TUI=T047	STY=Disease or Syndrome
typical absence seizures, non-intractable	CUI=C3495024	PREF=Typical absence seizure, non-refractory	TUI=T047	STY=Disease or Syndrome
typical absence seizures, non-refractory	CUI=C3495024	PREF=Typical absence seizure, non-refractory	TUI=T047	STY=Disease or Syndrome
intractable typical absence seizure	CUI=C3495025	PREF=typical absence seizure, intractable	TUI=T047	STY=Disease or Syndrome
refractory typical absence seizure 	CUI=C3495025	PREF=typical absence seizure, refractory	TUI=T047	STY=Disease or Syndrome
typical absence seizures intractable	CUI=C3495025	PREF=Typical absence seizure, refractory	TUI=T047	STY=Disease or Syndrome
typical absence seizures refractory	CUI=C3495025	PREF=Typical absence seizure, refractory	TUI=T047	STY=Disease or Syndrome
Complex partial epileptic seizure of temporal lobe	CUI=C3661551	PREF=Complex partial seizure of temporal lobe	TUI=T047	STY=Disease or Syndrome
Complex partial seizure of temporal lobe	CUI=C3661551	PREF=Complex partial seizure of temporal lobe	TUI=T047	STY=Disease or Syndrome
Partial epileptic seizures of temporal lobe with impairment of consciousness	CUI=C3661551	PREF=Complex partial seizure of temporal lobe	TUI=T047	STY=Disease or Syndrome
Partial seizure of the temporal lobe with impairment of conciousness	CUI=C3661551	PREF=Complex partial seizure of temporal lobe	TUI=T047	STY=Disease or Syndrome
Partial seizures of the temporal lobe with impairment of conciousness	CUI=C3661551	PREF=Complex partial seizure of temporal lobe	TUI=T047	STY=Disease or Syndrome
temporal lobe complex partial seizures	CUI=C3661551	PREF=Complex partial seizure of temporal lobe	TUI=T047	STY=Disease or Syndrome
intractable absence seizures	CUI=C3662031	PREF=intractable absence seizures	TUI=T047	STY=Disease or Syndrome
intractable absence seizures	CUI=C3662031	PREF=Intractable absence seizures	TUI=T047	STY=Disease or Syndrome
seizure disorder as sequela of stroke	CUI=C3662042	PREF=seizure disorder as sequela of stroke	TUI=T046	STY=Pathologic Function
seizure disorder as sequela of stroke	CUI=C3662042	PREF=Seizure disorder as sequela of stroke	TUI=T046	STY=Pathologic Function
rolandic seizures with status epilepticus	CUI=C3662441	PREF=Status epilepticus in benign Rolandic epilepsy	TUI=T047	STY=Disease or Syndrome
rolandic seizures with status epilepticus	CUI=C3662441	PREF=Status epilepticus in benign Rolandic epilepsy	TUI=T047	STY=Disease or Syndrome
status epilepticus in benign rolandic epilepsy	CUI=C3662441	PREF=Status epilepticus in benign Rolandic epilepsy	TUI=T047	STY=Disease or Syndrome
post-cerebrovascular accident epilepsy	CUI=C3697594	PREF=Post-cerebrovascular accident epilepsy	TUI=T047	STY=Disease or Syndrome
spinal cord myoclonus	CUI=C3697670	PREF=Spinal cord myoclonus	TUI=T047	STY=Disease or Syndrome
spinal myoclonus	CUI=C3697670	PREF=Spinal cord myoclonus	TUI=T047	STY=Disease or Syndrome
brainstem myoclonus	CUI=C3698072	PREF=Brainstem myoclonus	TUI=T047	STY=Disease or Syndrome
cerebral cortex myoclonus	CUI=C3698239	PREF=Cerebral cortex myoclonus	TUI=T047	STY=Disease or Syndrome
cortical myoclonus	CUI=C3698239	PREF=Cerebral cortex myoclonus	TUI=T047	STY=Disease or Syndrome
Absence seizure with eyelid myoclonia	CUI=C4023513	PREF=Absence seizure with eyelid myoclonia	TUI=T047	STY=Disease or Syndrome
Absence seizures with eyelid myoclonia	CUI=C4023513	PREF=Absence seizure with eyelid myoclonia	TUI=T047	STY=Disease or Syndrome
symptomatic seizure	CUI=C4023516	PREF=Symptomatic seizures	TUI=T184	STY=Sign or Symptom
symptomatic seizures	CUI=C4023516	PREF=Symptomatic seizures	TUI=T184	STY=Sign or Symptom
Complex partial seizure of frontal lobe 	CUI=C4039464	PREF=Complex partial seizure of frontal lobe	TUI=T047	STY=Disease or Syndrome
frontal lobe complex partial seizure	CUI=C4039464	PREF=Complex partial seizure of frontal lobe	TUI=T047	STY=Disease or Syndrome
frontal lobe complex partial seizures	CUI=C4039464	PREF=Complex partial seizure of frontal lobe	TUI=T047	STY=Disease or Syndrome
Complex partial seizure of parietal lobe	CUI=C4039814	PREF=Complex partial seizure of parietal lobe	TUI=T047	STY=Disease or Syndrome
parietal lobe complex partial seizure	CUI=C4039814	PREF=Complex partial seizure of parietal lobe	TUI=T047	STY=Disease or Syndrome
Partial epileptic seizures of parietal lobe with impairment of consciousness	CUI=C4039814	PREF=Complex partial seizure of parietal lobe	TUI=T047	STY=Disease or Syndrome
Complex partial seizure of occipital lobe	CUI=C4040133	PREF=Complex partial seizure of occipital lobe	TUI=T047	STY=Disease or Syndrome
Complex partial seizures of occipital lobe	CUI=C4040133	PREF=Complex partial seizure of occipital lobe	TUI=T047	STY=Disease or Syndrome
adolescent benign focal crisis	CUI=C4275141	PREF=Benign focal seizure of adolescence	TUI=T047	STY=Disease or Syndrome
benign focal seizure of adolescence	CUI=C4275141	PREF=Benign focal seizure of adolescence	TUI=T047	STY=Disease or Syndrome
benign focal seizures of adolescence	CUI=C4275141	PREF=Benign focal seizure of adolescence	TUI=T047	STY=Disease or Syndrome
absence seizure	CUI=C4316903	PREF=Absence Seizures	TUI=T047	STY=Disease or Syndrome
absence seizures	CUI=C4316903	PREF=Absence Seizures	TUI=T047	STY=Disease or Syndrome
petit-mal seizure	CUI=C4316903	PREF=Absence Seizures	TUI=T047	STY=Disease or Syndrome
petit mal	CUI=C4316903	PREF=Absence Seizures	TUI=T047	STY=Disease or Syndrome
petit-mal seizures	CUI=C4316903	PREF=Absence Seizures	TUI=T047	STY=Disease or Syndrome
attack - epileptic	CUI=C4317109	PREF=Epileptic Seizures	TUI=T047	STY=Disease or Syndrome
epileptic attacks	CUI=C4317109	PREF=Epileptic Seizures	TUI=T047	STY=Disease or Syndrome
epileptic convulsions	CUI=C4317109	PREF=Epileptic Seizures	TUI=T047	STY=Disease or Syndrome
epileptic fit	CUI=C4317109	PREF=Epileptic Seizures	TUI=T047	STY=Disease or Syndrome
epileptic fits	CUI=C4317109	PREF=Epileptic Seizures	TUI=T047	STY=Disease or Syndrome
epileptic seizure	CUI=C4317109	PREF=Epileptic Seizures	TUI=T047	STY=Disease or Syndrome
epileptic seizures	CUI=C4317109	PREF=Epileptic Seizures	TUI=T047	STY=Disease or Syndrome
myoclonic epileptic seizure	CUI=C4317123	PREF=Myoclonic Seizures	TUI=T184	STY=sign or symptom
myoclonic epileptic seizures    	CUI=C4317123	PREF=Myoclonic Seizures	TUI=T184	STY=sign or symptom
myoclonic seizure	CUI=C4317123	PREF=Myoclonic Seizures	TUI=T184	STY=sign or symptom
myoclonic seizures	CUI=C4317123	PREF=Myoclonic Seizures	TUI=T184	STY=sign or symptom
focal myoclonus	CUI=C4511434	PREF=focal myoclonus	TUI=T033	STY=Finding
Focal emotional seizure	CUI=C4732752	PREF=Focal emotional seizure	TUI=T047	STY=Disease or Syndrome
Generalised tonic seizure	CUI=C0270844	PREF=Tonic seizures	TUI=T047	STY=Disease or Syndrome
Generalised tonic seizures	CUI=C0270844	PREF=Tonic seizures	TUI=T047	STY=Disease or Syndrome
frontal lobe onset seizure	CUI=C0085541	PREF=Epilepsy, Frontal Lobe	TUI=T047	STY=Disease or Syndrome
frontal lobe onset seizurs	CUI=C0085541	PREF=Epilepsy, Frontal Lobe	TUI=T047	STY=Disease or Syndrome
myoclonic absence	CUI=C4023512	PREF=Myoclonic Absence	TUI=T047	STY=Disease or Syndrome
myoclonic absences	CUI=C4023512	PREF=Myoclonic Absence	TUI=T047	STY=Disease or Syndrome
typical absence seizure	CUI=C4316903	PREF=Absence Seizures	TUI=T047	STY=Disease or Syndrome
typical absence seizures 	CUI=C4316903	PREF=Absence Seizures	TUI=T047	STY=Disease or Syndrome
typical absences	CUI=C4316903	PREF=Absence Seizures	TUI=T047	STY=Disease or Syndrome
temporal lobe onset seizures	CUI=C0014556	PREF=Temporal lobe epilepsy	TUI=T047	STY=Disease or Syndrome
temporal lobe onset seizure	CUI=C0014556	PREF=Temporal lobe epilepsy	TUI=T047	STY=Disease or Syndrome
parietal lobe onse seizures	CUI=C0393690	PREF=Parietal lobe epilepsy	TUI=T047	STY=Disease or Syndrome
parietal lobe onset seizures	CUI=C0393690	PREF=Parietal lobe epilepsy	TUI=T047	STY=Disease or Syndrome
occipital lobe onset seizures	CUI=C0393691	PREF=Occipital Lobe Epilepsy	TUI=T047	STY=Disease or Syndrome
occipital lobe onset seizure	CUI=C0393691	PREF=Occipital Lobe Epilepsy	TUI=T047	STY=Disease or Syndrome
absence type seizures	CUI=C4316903	PREF=Absence Seizures	TUI=T047	STY=Disease or Syndrome
absence type seizure	CUI=C4316903	PREF=Absence Seizures	TUI=T047	STY=Disease or Syndrome
focal seizures with loss of awareness	CUI=C0270834	PREF=Complex partial seizure with impairment of consciousness	TUI=T047	STY=Disease or Syndrome
focal to bilateral convulsive seizures	CUI=C0877017	PREF=Generalized tonic-clonic seizures with focal onset	TUI=T047	STY=Disease or Syndrome
Focal seizures with altered awareness	CUI=C0270834	PREF=Complex partial seizure with impairment of consciousness	TUI=T047	STY=Disease or Syndrome
