should have
will arrange
will organise
follow up
unable to tolerate
I am requesting
carry out
consider
updating
pushing for
arranging
considering
to arrange
will request
useful to capture
awaiting an appointment
Thorax
Spine
Back
Neck
Leg
Arm
thorax
spine
back
neck
leg
arm
abdomen
Abdomen
disc
Disc
adrenal glands
angiogram
angiography
bladder
bone
cardiac
chest
chest/lungs
lungs
colonography
KUB
kidneys
ureters
full body
gallbladder 
bile ducts
heart
kidney
knee
liver
lungs
pancreas
paranasal sinus
pelvic
shoulders
spleen
urogram
urinary tract
pelvis
Adrenal Glands
Angiogram
Angiography
Bladder
Bone
Cardiac
Chest
Chest/Lungs
Lungs
Colonography
Kidneys
Ureters
Full Body
Gallbladder 
Bile Ducts
Heart
Kidney
Knee
Liver
Lungs
Pancreas
Paranasal Sinus
Pelvic
Shoulders
Spleen
Urogram
Urinary Tract
Pelvis
If these are
If this is
await the results
awaiting
waiting
lumbar
spine
await results
