Diagnosis:type=diagnosis
diagnosis:type=diagnosis
diagnosed:type=diagnosis
Diagnosed:type=diagnosis
Suffers:type=suffers
suffers:type=suffers
in keeping with:type=diagnosis
suffering:type=suffers
seizure type:type=seizureType
seizure types:type=seizureType
seizure type and frequency:type=seizureType
story is consistent with:type=diagnosis
history is consistent with:type=diagnosis
problems:type=suffers
problem:type=suffers
very suggestive of:type=diagnosis
would be consistent with:type=diagnosis
history is suggestive of:type=diagnosis
possibility of:type=opinion
symptoms are suggestive of:type=opinion
my impression is:type=opinion
we are dealing with:type=diagnosis
Seizure type:type=diagnosis
Seizure Types:type=diagnosis
Problem:type=diagnosis
description today is suggestive of:type=opinion
description is suggestive of:type=opinion
seizure frequency:type=seizureType:SF=true
Seizure frequency:type=seizureType:SF=true
Seizure Frequency:type=seizureType:SF=true
I think that:type=opinion
Seizure types:type=seizureType
My impression is:type=opinion
History is suggestive of:type=opinion
History obtained today is consistent:type=opinion
History obtained is consistent:type=opinion
Seizure type and frequency:type=seizureType
Seizure Type:type=seizureType
Problems:type=diagnosis
consistent with:type=opinion
type of seizure:type=seizureType
type of seizures:type=seizureType
types of seizures:type=seizureType
types of seizure:type=seizureType
