same frequency:Quantity=Same
same as before:Quantity=Same
same as last time:Quantity=Same
increase:Quantity=Increased
decrease:Quantity=Decreased
frequent:Quantity=Frequent
infrequent:Quantity=Infrequent
no change:Quantity=Same
got better:Quantity=Decreased
worse:Quantity=Increased
higher rate:Quantity=Increased
lower rate:Quantity=Decreased
greater frequency:Quantity=Increased
lesser frequency:Quantity=Decreased
more commonly:Quantity=Increased
less commonly:Quantity=Decreased
increased rate:Quantity=Increased
decreased rate:Quantity=Decreased
improved:Quantity=Decreased
deteriorated:Quantity=Increased
worsened:Quantity=Increased
increased:Quantity=Increased
decreased:Quantity=Decreased
improvement:Quantity=Decreased
not changed:Quantity=Same:Negation=Negated
increasing:Quantity=Increased
hasn't been any change:Quantity=Same:Negation=Negated
hasn’t been any change:Quantity=Same:Negation=Negated
less frequent:Quantity=Decreased
getting better:Quantity=Decreased
reduced:Quantity=Decreased
not made any difference:Quantity=Same
occasional:Quantity=Infrequent
doesn't feel her seizure frequency has changed:Quantity=Same:ContainsLookUp=Yes
doesn't feel his seizure frequency has changed:Quantity=Same:ContainsLookUp=Yes
doesn’t feel her seizure frequency has changed:Quantity=Same:ContainsLookUp=Yes
doesn’t feel his seizure frequency has changed:Quantity=Same:ContainsLookUp=Yes
begun to manifest:Quantity=Increased
not been any change:Quantity=Same:Negation=Negated
significant frequency:Quantity=Frequent
fewer:Quantity=Decreased
increase in her seizure frequency:Quantity=Increased:ContainsLookUp=Yes
increase in his seizure frequency:Quantity=Increased:ContainsLookUp=Yes
increase in seizure frequency:Quantity=Increased:ContainsLookUp=Yes
increase in seizures frequency:Quantity=Increased:ContainsLookUp=Yes
decrease in her seizure frequency:Quantity=Decreased:ContainsLookUp=Yes
decrease in his seizure frequency:Quantity=Decreased:ContainsLookUp=Yes
decrease in seizure frequency:Quantity=Decreased:ContainsLookUp=Yes
decrease in seizures frequency:Quantity=Decreased:ContainsLookUp=Yes
reoccurance:Quantity=Increased
restarted:Quantity=Increased
reduction in the frequency:Quantity=Decreased
good response:Quantity=Decreased
considerably better:Quantity=Decreased
seizure frequency increased:Quantity=Increased:ContainsLookUp=Yes
much better controlled:Quantity=Decreased:=
