same frequency:Quantity=Same
same as before:Quantity=Same
same as last time:Quantity=Same
increase:Quantity=Increased
decrease:Quantity=Decreased
frequent:Quantity=Frequent
infrequent:Quantity=Infrequent
no change:Quantity=Same
got better:Quantity=Decreased
worse:Quantity=Increased
higher rate:Quantity=Increased
lower rate:Quantity=Decreased
greater frequency:Quantity=Increased
lesser frequency:Quantity=Decreased
more commonly:Quantity=Increased
less commonly:Quantity=Decreased
increased rate:Quantity=Increased
decreased rate:Quantity=Decreased
improved:Quantity=Decreased
deteriorated:Quantity=Increased
worsened:Quantity=Increased
increased:Quantity=Increased
decreased:Quantity=Decreased
improvement:Quantity=Decreased
not changed:Quantity=Same:Negation1=Negated
increasing:Quantity=Increased
hasn't been any change:Quantity=Same:Negation1=Negated
hasn’t been any change:Quantity=Same:Negation1=Negated
less frequent:Quantity=Decreased
getting better:Quantity=Decreased:=
