nurse
Nurse
Clinic
clinic
society
Society
consultant
Consultant
Specialist
specialist
treatment
Treatment
Surgery
Surgery
action
Action
societies
Societies
team
Team
Worker
CNS
anti-epileptic drug
anti-epileptic
first seizure clinic
department
plan
booklet on
booklet about
information on
information about
Services
Department of Child Health
adolescent clinic
medication
medications
diary
nurses
colleagues
colleague
people with
adolescents with
children with
kids with
sudden death in
Point of view
point of view
Adolescent Epilepsy Clinic
helpline
service
services
driving with
laws about
investigations
driving with
Helpline
Clinical Nurse Specialist 
Advice Line
advice
SUCKS
specialist in
affects
is relatively common
I explained that
consultants
precautions regarding
precautions about
sequences
unit
chart
diary
booklet
information
champion
Champion
Coordinator
coordinator
MDT
mdt
Clinical Nurse Specialist
Nurse Specialist
Specialist
Consultant
Specialists
Consultants
Specialists
Consultants
Clinics
Treatments
nurses
National Society for Epilpesy
National Society
Care Network Office
care Coordinator
Association
therapies
Trust
fatigue
Clinical Nurse Specialist:
Champion:
Coordinator:
Specialist:
helplines
protocol
Medicine
causes seizures
epilepsy causes
gene panel
physio
physiotherapist
medicines
medicine
treatments
website
Website
Online
online
Coronavirus and
C19 and
project in