has tolerated:type=history
since that time:type=time
medication due:type=future
Review of admission:type=review
meds due:type=future
Meds Due:type=future
days:type=time
weeks:type=time
possible:type=hypothetical
probably:type=hypothetical
would get:type=future
would take:type=future
Apparently:type=seems
had:type=past
may need:type=hypothetical
previously:type=previous
given that:type=conditional
past:type=time
wrote:type=past
was:type=past
did:type=past
should:type=hypothetical
recent:type=recent
recently:type=recent
had been:type=past
rather than:type=preference
consider:type=hypothetical
attributed:type=cause
enquired:type=question
In the event:type=hypothetical
If unwilling then:type=hypothetical
background of:type=history
did have:type=past
had to:type=had to
was born:type=birth
was born at:type=birth
at that time:type=time
removed:type=past
resected:type=past
has:type=has
has got:type=has
underwent:type=treated
treated:type=treated
delivery:type=birth

