EEG:Investigation=EEG
MRI:Investigation=MRI
CT:Investigation=CT
EEGs~:Investigation=EEG
MRIs~:Investigation=MRI
CTs~:Investigation=CT
EEG's~:Investigation=EEG
MRI's~:Investigation=MRI
CT's~:Investigation=CT
MRI scan:Investigation=MRI
sleep EEG:Investigation=EEG:Type=SleepDeprived
videotelemetry:Investigation=EEG:Type=VideoTelemetry
video-telemetry:Investigation=EEG:Type=VideoTelemetry
prolonged EEG:Investigation=EEG:Type=Prolonged
24hr EEG:Investigation=EEG:Type=Prolonged
Ambulatory EEG:Investigation=EEG:Type=Ambulatory
EEGs:Investigation=EEG
video telemetry:Investigation=EEG:Type=VideoTelemetry
24 hour EEG:Investigation=EEG:Type=Prolonged
sleep deprived EEG:Investigation=EEG:Type=SleepDeprived
MRIs:Investigation=MRI
CTs:Investigation=CT
EEG/videotelemetry:Investigation=EEG:Type=VideoTelemetry
sleep deprived EEGs:Investigation=EEG:Type=SleepDeprived
neuroimaging:Investigation=MRI
Videotelemetry:Investigation=EEG:Type=VideoTelemetry
ambulatory EEG:Investigation=EEG:Type=Ambulatory
