Apr:month=4
Apr.:month=4
April:month=4
APR:month=4
APR.:month=4
APRIL:month=4
Aug:month=8
Aug.:month=8
August:month=8
AUG:month=8
AUG.:month=8
AUGUST:month=8
Dec:month=12
Dec.:month=12
December:month=12
DEC:month=12
DEC.:month=12
DECEMBER:month=12
Feb:month=2
Feb.:month=2
February:month=2
FEB:month=2
FEB.:month=2
FEBRUARY:month=2
Jan:month=1
Jan.:month=1
January:month=1
JAN:month=1
JAN.:month=1
JANUARY:month=1
Jul:month=7
Jul.:month=7
July:month=7
JUL:month=7
JUL.:month=7
JULY:month=7
Jun:month=6
Jun.:month=6
June:month=6
JUN:month=6
JUN.:month=6
JUNE:month=6
Mar:month=3
Mar.:month=3
March:month=3
MAR:month=3
MAR.:month=3
MARCH:month=3
May:month=5
MAY:month=5
Nov:month=11
Nov.:month=11
November:month=11
NOV:month=11
NOV.:month=11
NOVEMBER:month=11
Oct:month=10
Oct.:month=10
October:month=10
OCT:month=10
OCT.:month=10
OCTOBER:month=10
Sep:month=9
Sep.:month=9
Sept:month=9
Sept.:month=9
September:month=9
SEP:month=9
SEP.:month=9
SEPT:month=9
SEPT.:month=9
SEPTEMBER:month=9
