started:type=began
developed:type=began
occured:type=began
appeared:type=began
manifested:type=began
new:type=began
began:type=began
onset:type=began
suffered:type=suffered
has had:type=suffered
experienced:type=suffered
began to experience:type=began
began to develop:type=began
diagnosed:type=diagnosed
first:type=began
1st:type=began
suffering:type=experiencing
has been symptomatic:type=experiencing
suffering from:type=experiencing
suffers:type=experiencing
sustained:type=suffered
history is of:type=suffered
history of:type=suffered
report him having:type=suffered
report her having:type=suffered
background is:type=diagnosed
presented with:type=suffered
presenting with:type=suffered
was admitted:type=suffered
been experiencing:type=experiencing
occurred on:type=suffered
presents with:type=suffered
symptoms of:type=experiencing
symptomatic:type=experiencing
was noted to have:type=suffered
noted to:type=suffered
found to have:type=suffered
describes:type=experiencing
described:type=experiencing
has been having:type=experiencing
investigating her for:type=considering
investigating him for:type=considering
referring:type=considering
well apart from:type=experiencing
until he had:type=suffered
until she had:type=suffered
did get:type=suffered
is having:type=experiencing
symptoms are:type=experiencing
continues:type=experiencing
was getting:type=experiencing
continued to have:type=experiencing
continued to get:type=experiencing
restarted:type=restarted
came back:type=restarted
reoccured:type=restarted
would also have:type=experiencing
continuing to:type=experiencing
recurrence:type=experiencing
apart from:type=experiencing
Apart from:type=experiencing
main issue:type=experiencing
