1st:Ordinals=01
2nd:Ordinals=02
3rd:Ordinals=03
4th:Ordinals=04
5th:Ordinals=05
6th:Ordinals=06
7th:Ordinals=07
8th:Ordinals=08
9th:Ordinals=09
10th:Ordinals=10
11th:Ordinals=11
12th:Ordinals=12
13th:Ordinals=13
14th:Ordinals=14
15th:Ordinals=15
16th:Ordinals=16
17th:Ordinals=17
18th:Ordinals=18
19th:Ordinals=19
20th:Ordinals=20
21st:Ordinals=21
22nd:Ordinals=22
23rd:Ordinals=23
24th:Ordinals=24
25th:Ordinals=25
26th:Ordinals=26
27th:Ordinals=27
28th:Ordinals=28
29th:Ordinals=29
30th:Ordinals=30
31st:Ordinals=31
1ST:Ordinals=01
2ND:Ordinals=02
3RD:Ordinals=03
4TH:Ordinals=04
5TH:Ordinals=05
6TH:Ordinals=06
7TH:Ordinals=07
8TH:Ordinals=08
9TH:Ordinals=09
10TH:Ordinals=10
11TH:Ordinals=11
12TH:Ordinals=12
13TH:Ordinals=13
14TH:Ordinals=14
15TH:Ordinals=15
16TH:Ordinals=16
17TH:Ordinals=17
18TH:Ordinals=18
19TH:Ordinals=19
20TH:Ordinals=20
21ST:Ordinals=21
22ND:Ordinals=22
23RD:Ordinals=23
24TH:Ordinals=24
25TH:Ordinals=25
26TH:Ordinals=26
27TH:Ordinals=27
28TH:Ordinals=28
29TH:Ordinals=29
30TH:Ordinals=30
31ST:Ordinals=31

