NonEpi Drugs
Duloxetine
Bisoprolol
warfarin
lercanidipine
ranipril
doxazocin
empagliflozin
metformin
zomorph
pantoprazole
atorvastatin
mirtazapine
amitriptyline
Citalopram
Tramadol
Diazepam
fesoterodine
rivaoxaban
zopiclone
mirabegron
granisetron
sativex
alendronic acid
senna
furosemide
thyroxine
baclofen
naproxen
Fingolimod
ocrelizumab
rituximab
Amitriptyline
Sinemet
Zolmitriptan
Buccastem
Propranolol
Pizotifen
prednisolone
verapamil
temazepam
amantadine
statin
bendrofluazine
flunarizine
tropism
lisinopril
amlodipine
fampridine
Co-Codamol
Naproxen
Omeprazole
Trospium
zolmitriptan
buccastem
Levothyroxine
Rosuvastatin
Citalipram
ramipril
Methylphenidate
Primidone
Mirtazapine
Spironolactone
Zopiclone
Madopar
Oramorph
Enalapril
Nortiptyline
Sertraline
Alendronic acid
Losartan
Prednisolone
Lansoprazole
Sennokot
Atorvastatin
Calcichew
Alverine
Quetiapine
Amlodipine
Clopidogrel
Fluoxetine
Simvastatin
Stalevo
Warfarin
Rituximab
Azathioprine
Loperamide
Pyridostigmine
Perindopril
Bendroflumethiazide
Venlafaxine
Candesartan
Metformin
Olansapine
Doxazocin
Risedronate
Mezzopram
Oxybutynin
Rasagiline
Vesicare
Melatonin
Dermol
Voltarol
