Duloxetine
Bisoprolol
Warfarin
Lercanidipine
Ranipril
Doxazocin
Empagliflozin
Metformin
Momorph
Pantoprazole
Atorvastatin
Mirtazapine
Amitriptyline
Citalopram
Tramadol
Diazepam
Fesoterodine
Rivaoxaban
Zopiclone
Mirabegron
Granisetron
Sativex
Alendronic Acid
Senna
Furosemide
Thyroxine
Baclofen
Naproxen
Fingolimod
Ocrelizumab
Rituximab
Sinemet
Zolmitriptan
Buccastem
Propranolol
Pizotifen
Prednisolone
Verapamil
Temazepam
Amantadine
Statin
Bendrofluazine
Flunarizine
Tropism
Lisinopril
Amlodipine
Fampridine
Co-Codamol
Omeprazole
Trospium
Levothyroxine
Rosuvastatin
Citalipram
Ramipril
Methylphenidate
Primidone
Spironolactone
Madopar
Oramorph
Enalapril
Nortiptyline
Sertraline
Losartan
Lansoprazole
Sennokot
Calcichew
Alverine
Quetiapine
Clopidogrel
Fluoxetine
Simvastatin
Stalevo
Azathioprine
Loperamide
Pyridostigmine
Perindopril
Bendroflumethiazide
Venlafaxine
Candesartan
Olansapine
Risedronate
Mezzopram
Oxybutynin
Rasagiline
Vesicare
Melatonin
Dermol
Voltarol