Last Year:Since=Last_Year
This Year:Since=This_Year
Last Clinic:Since=LastClinic
last clinic:Since=LastClinic
last year:Since=Last_Year
this year:Since=This_Year
seen in the clinic:Since=LastClinic
last being seen:Since=LastClinic
all his life:Since=From_Birth
all her life:Since=From_Birth
from birth:Since=From_Birth
last visit:Since=LastClinic
since birth:Since=From_Birth
discharge:Since=DischargeDate
since being discharged:Since=DischargeDate
since surgery:Since=Surgery
at birth:At=birth
1960s:In=1960s
the 60s:In=1960s
the sixties:In=1960s
1970s:In=1970s
the 70s:In=1970s
the seventies:In=1970s
1980s:In=1980s
the 80s:In=1980s
the eighties:In=1980s
1990s:In=1990s
the 90s:In=1990s
the ninties:In=1990s
last Christmas:Since=LastChristmas
new year's eve:Since=NewYear'sEve
new year's day:Since=NewYear'sDay
birthday:Since=Birthday
easter:Since=Easter
operation:Since=Surgery
since I last seen her:Since=LastClinic
since I last seen him:Since=LastClinic
since I last saw him:Since=LastClinic
since I last saw her:Since=LastClinic
after discharge:Since=DischargeDate
new years eve:Since=NewYear'sEve
Child Birth:Since=ChildBirth
Last seen:Since=LastClinic
last saw:Since=LastClinic
