start:context=future
will:context=future
commence:context=future
previously:context=past
were:context=past
used to:context=past
tried:context=past
was on:context=past
would:context=hypothetical
consider:context=hypothetical
increased:context=current
to increase:context=future
to decrease:context=future
to change:context=future
decreased:context=past
to reduce:context=future
could:context=hypothetical
increase:context=future
Increase:context=future
could be given:context=hypothetical
Start:context=future
Reduce:context=future
reduce:context=future
reduced:context=current
Reduced:context=current
increasing:context=future
Increasing:context=future
aiming:context=future
started:context=current
introduce:context=furture
increases:context=future
starts:context=future
decrement:context=future
was using:context=past
slowly wean down:context=future
starting:context=future
established:context=future
commenced:context=future
reducing with immediate effect:context=future
to try:context=future
try reducing:context=future
increments:context=future
a trial:context=future
cut down:context=past
was given up:context=past
prior to this:context=past
to cut down:context=future
showed a good response to:context=past
added in:context=future
was well controlled on:context=past
taper off:context=future
tapered off:context=past
has been:context=past
further reduction:context=future
