major ones:CUI=C0441471:PREF=Event:TUI=T201:STY=Event:CAT=Slang
smaller onese:CUI=C0441471:PREF=Event:TUI=T201:STY=Event:CAT=Slang
jerk:CUI=C0231530:PREF=Muscle twitch:TUI=T033:STY=Finding:CAT=Slang
jerks:CUI=C0231530:PREF=Muscle twitch:TUI=T033:STY=Finding:CAT=Slang
Jerk:CUI=C0231530:PREF=Muscle twitch:TUI=T033:STY=Finding:CAT=Slang
Jerks:CUI=C0231530:PREF=Muscle twitch:TUI=T033:STY=Finding:CAT=Slang
Vacant episode:CUI=C0563606:PREF=Vacant episode:TUI=T048:STY=Mental or Behavioral Dysfunction:CAT=Slang
Vacant episodes:CUI=C0563606:PREF=Vacant episode:TUI=T048:STY=Mental or Behavioral Dysfunction:CAT=Slang
vacant episode:CUI=C0563606:PREF=Vacant episode:TUI=T048:STY=Mental or Behavioral Dysfunction:CAT=Slang
vacant episodes:CUI=C0563606:PREF=Vacant episode:TUI=T048:STY=Mental or Behavioral Dysfunction:CAT=Slang
Blank spell:CUI=C0563606:PREF=Vacant episode:TUI=T048:STY=Mental or Behavioral Dysfunction:CAT=Slang
blank spell:CUI=C0563606:PREF=Vacant episode:TUI=T048:STY=Mental or Behavioral Dysfunction:CAT=Slang
blank spells:CUI=C0563606:PREF=Vacant episode:TUI=T048:STY=Mental or Behavioral Dysfunction:CAT=Slang
Blank episode:CUI=C0563606:PREF=Vacant episode:TUI=T048:STY=Mental or Behavioral Dysfunction:CAT=Slang
blank episodes:CUI=C0563606:PREF=Vacant episode:TUI=T048:STY=Mental or Behavioral Dysfunction:CAT=Slang
Convulsion:CUI=C4048158:PREF=Convulsion:TUI=T184:STY=Sign or Symptom:CAT=Seizures
convulsion:CUI=C4048158:PREF=Convulsion:TUI=T184:STY=Sign or Symptom:CAT=Seizures
Convulsions:CUI=C4048158:PREF=Convulsion:TUI=T184:STY=Sign or Symptom:CAT=Seizures
convulsions:CUI=C4048158:PREF=Convulsion:TUI=T184:STY=Sign or Symptom:CAT=Seizures
Loss of consciousness:CUI=C0041657:PREF=Loss of consciousness:TUI=T033:STY=Finding:CAT=Slang
loss of consciousness:CUI=C0041657:PREF=Loss of consciousness:TUI=T033:STY=Finding:CAT=Slang
episodes of loss of consciousness:CUI=C0041657:PREF=Loss of consciousness:TUI=T033:STY=Finding:CAT=Slang
Collapse:CUI=C0344329:PREF=Collapse:TUI=T033:STY=Finding:CAT=Slang
funny do:CUI=C0424531:PREF=Funny turn:TUI=T033:STY=Finding:CAT=Slang
funny dos:CUI=C0424531:PREF=Funny turn:TUI=T033:STY=Finding:CAT=Slang
funny spell:CUI=C0424531:PREF=Funny turn:TUI=T033:STY=Finding:CAT=Slang
funny turn:CUI=C0424531:PREF=Funny turn:TUI=T033:STY=Finding:CAT=Slang
funny turns:CUI=C0424531:PREF=Funny turn:TUI=T033:STY=Finding:CAT=Slang
Funny spell:CUI=C0424531:PREF=Funny turn:TUI=T033:STY=Finding:CAT=Slang
Funny turn:CUI=C0424531:PREF=Funny turn:TUI=T033:STY=Finding:CAT=Slang
Funny turns:CUI=C0424531:PREF=Funny turn:TUI=T033:STY=Finding:CAT=Slang
odd episode:CUI=C0424531:PREF=Funny turn:TUI=T033:STY=Finding:CAT=Slang
odd episodes:CUI=C0424531:PREF=Funny turn:TUI=T033:STY=Finding:CAT=Slang
Unusual episodes:CUI=C0424531:PREF=Funny turn:TUI=T033:STY=Finding:CAT=Slang
unusual episode:CUI=C0424531:PREF=Funny turn:TUI=T033:STY=Finding:CAT=Slang
unusual episodes:CUI=C0424531:PREF=Funny turn:TUI=T033:STY=Finding:CAT=Slang
Unusual episode:CUI=C0424531:PREF=Funny turn:TUI=T033:STY=Finding:CAT=Slang
muscle twitch:CUI=C0231530:PREF=Muscle twitch:TUI=T033:STY=Finding:CAT=Slang
absence:CUI=C0563606:PREF=Vacant episode:TUI=T048:STY=Mental or Behavioral Dysfunction:CAT=Seizures
Absences:CUI=C0563606:PREF=Vacant episode:TUI=T048:STY=Mental or Behavioral Dysfunction:CAT=Seizures
Absence:CUI=C0563606:PREF=Vacant episode:TUI=T048:STY=Mental or Behavioral Dysfunction:CAT=Seizures
absences:CUI=C0563606:PREF=Vacant episode:TUI=T048:STY=Mental or Behavioral Dysfunction:CAT=Seizures
absence type seizures:CUI=C0563606:PREF=Vacant episode:TUI=T048:STY=Mental or Behavioral Dysfunction:CAT=Seizures
absence like seizures:CUI=C0563606:PREF=Vacant episode:TUI=T048:STY=Mental or Behavioral Dysfunction:CAT=Seizures
myoclonic jerks:CUI=C0027066:PREF=myoclonus:TUI=T184:STY=Sign or Symptom:CAT=Seizures
myoclonus:CUI=C0027066:PREF=myoclonus:TUI=T184:STY=Sign or Symptom:CAT=Seizures
Myoclonic jerks:CUI=C0027066:PREF=myoclonus:TUI=T184:STY=Sign or Symptom:CAT=Seizures
Myoclonus:CUI=C0027066:PREF=myoclonus:TUI=T184:STY=Sign or Symptom:CAT=Seizures
odd turn:CUI=C0424531:PREF=Funny turn:TUI=T033:STY=Finding:CAT=Slang
odd turns:CUI=C0424531:PREF=Funny turn:TUI=T033:STY=Finding:CAT=Slang
episodes of jerks:CUI=C0231530:PREF=Muscle twitch:TUI=T033:STY=Finding:CAT=Slang
jerking episodes:CUI=C0231530:PREF=Muscle twitch:TUI=T033:STY=Finding:CAT=Slang
hypnic jerk:CUI=C2732862:PREF=Hypnic jerk:TUI=T033:STY=Finding:CAT=Slang
hypnic twitch:CUI=C2732862:PREF=Hypnic jerk:TUI=T033:STY=Finding:CAT=Slang
myoclonic jerk:CUI=C0027066:PREF=myoclonus:TUI=T184:STY=Sign or Symptom:CAT=Seizures
myoclonic jerking:CUI=C0027066:PREF=myoclonus:TUI=T184:STY=Sign or Symptom:CAT=Seizures
daytime seizures:CUI=C0036572:PREF=seizures:TUI=T184:STY=Sign or Symptom:CAT=Seizures
seizure like event:CUI=C0748601:PREF=seizure like event:TUI=T033:STY=Finding:CAT=Slang
seizure like events:CUI=C0748601:PREF=seizure like event:TUI=T033:STY=Finding:CAT=Slang
seizure-like event:CUI=C0748601:PREF=seizure like event:TUI=T033:STY=Finding:CAT=Slang
seizure-like events:CUI=C0748601:PREF=seizure like event:TUI=T033:STY=Finding:CAT=Slang
seizure markers:CUI=C0748601:PREF=seizure like event:TUI=T033:STY=Finding:CAT=Slang
seizure:CUI=C0036572:PREF=seizures:TUI=T184:STY=Sign or Symptom:CAT=Seizures
seizures:CUI=C0036572:PREF=seizures:TUI=T184:STY=Sign or Symptom:CAT=Seizures
nocturnal seizures:CUI=C0748605:PREF=nocturnal seizures:TUI=T033:STY=Finding:CAT=Seizures
fit:CUI=C0036572:PREF=seizures:TUI=T184:STY=Sign or Symptom:CAT=Seizures
fits:CUI=C0036572:PREF=seizures:TUI=T184:STY=Sign or Symptom:CAT=Seizures
absence type seizure:CUI=C0563606:PREF=Vacant episode:TUI=T048:STY=Mental or Behavioral Dysfunction:CAT=Seizures
seizure cluster:CUI=C3203523:PREF=Acute repetitive seizure:TUI=T047:STY=Disease or Syndrome:CAT=Seizures
cluster of seizures:CUI=C3203523:PREF=Acute repetitive seizure:TUI=T047	STY=Disease or Syndrome:CAT=Seizures
clusters of seizures:CUI=C3203523:PREF=Acute repetitive seizure:TUI=T047:STY=Disease or Syndrome:CAT=Seizures
convulsive seizure:CUI=C0751494:PREF=Convulsive Seizures:TUI=T184-:STY=Sign or Symptom:CAT=Seizures
convulsive seizures:CUI=C0751494:PREF=Convulsive Seizures:TUI=T184-:STY=Sign or Symptom:CAT=Seizures
absence episode:CUI=C0563606:PREF=Vacant episode:TUI=T048:STY=Mental or Behavioral Dysfunction:CAT=Seizures
absence episodes:CUI=C0563606:PREF=Vacant episode:TUI=T048:STY=Mental or Behavioral Dysfunction:CAT=Seizures
"blank" episodes:CUI=C0563606:PREF=Vacant episode:TUI=T048:STY=Mental or Behavioral Dysfunction:CAT=Slang
"blank" episode:CUI=C0563606:PREF=Vacant episode:TUI=T048:STY=Mental or Behavioral Dysfunction:CAT=Slang
"blank" spells:CUI=C0563606:PREF=Vacant episode:TUI=T048:STY=Mental or Behavioral Dysfunction:CAT=Slang
seizure-like:CUI=C0748601:PREF=seizure like event:TUI=T033:STY=Finding:CAT=Slang
jerking episode:CUI=C0231530:PREF=Muscle twitch:TUI=T033:STY=Finding:CAT=Slang
jerk-like episodes:CUI=C0231530:PREF=Muscle twitch:TUI=T033:STY=Finding:CAT=Slang
jerk like episodes:CUI=C0231530:PREF=Muscle twitch:TUI=T033:STY=Finding:CAT=Slang
jerk-like episode:CUI=C0231530:PREF=Muscle twitch:TUI=T033:STY=Finding:CAT=Slang
jerk like episode:CUI=C0231530:PREF=Muscle twitch:TUI=T033:STY=Finding:CAT=Slang
