single:value=1
one:value=1
two:value=2
three:value=3
four:value=4
five:value=5
six:value=6
seven:value=7
eight:value=8
nine:value=9
ten:value=10
fifteen:value=15
twenty:value=20
a couple:value=2
a few:value=2
once:value=1
couple:value=2
few:value=2
forty:value=40
thirty:value=30
fifty:value=50
couple of:value=2
a couple of:value=2
twice:value=2
eleven:value=11
twelve:value=12
thirteen:value=13
fourteen:value=14
sixteen:value=16
seventeen:value=17
eighteen:value=18
ninetenn:value=19
twentyone:value=21
twenty one:value=21
twenty-one:value=21
twentytwo:value=22
twenty-two:value=22
twenty two:value=22
twenty three:value=23
twenty-three:value=23
twentythree:value=23
twentyfour:value=24
twenty four:value=24
twenty-four:value=24
twentyfive:value=25
twenty-five:value=25
twenty five:value=25
twenty six:value=26
twenty-six:value=26
twentysix:value=26
twentyseven:value=27
twenty-seven:value=27
twenty seven:value=27
twentyeight:value=28
twenty-eight:value=28
twenty eight:value=28
twentynine:value=29
twenty-nine:value=29
twenty nine:value=29
thirtyone:value=31
thirty-one:value=31
thirty one:value=31
thirty two:value=32
thirty-two:value=32
thirtytwo:value=32
thirtythree:value=33
thirty-three:value=33
thirty three:value=33
thirty-four:value=34
thirty four:value=34
thirtyfour:value=34
thirtyfive:value=35
thirty five:value=35
thirty-five:value=35
thirty six:value=36
thirtysix:value=36
thirty-six:value=36
thirty-seven:value=37
thirtyseven:value=37
thirty seven:value=37
thirtyeight:value=38
thirty eight:value=38
thirty-eight:value=38
thirty-nine:value=39
thirtynine:value=39
thirty nine:value=39
fortyone:value=41
forty-one:value=41
forty one:value=41
forty two:value=42
forty-two:value=42
fortytwo:value=42
fortythree:value=43
forty-three:value=43
forty three:value=43
forty-four:value=44
forty four:value=44
fortyfour:value=44
fortyfive:value=45
forty five:value=45
forty-five:value=45
forty six:value=46
fortysix:value=46
forty-six:value=46
forty-seven:value=47
fortyseven:value=47
forty seven:value=47
fortyeight:value=48
forty eight:value=48
forty-eight:value=48
forty-nine:value=49
fortynine:value=49
forty nine:value=49
fiftyone:value=51
fifty-one:value=51
fifty one:value=51
fifty two:value=52
fifty-two:value=52
fiftytwo:value=52
fiftythree:value=53
fifty-three:value=53
fifty three:value=53
fifty-four:value=54
fifty four:value=54
fiftyfour:value=54
fiftyfive:value=55
fifty five:value=55
fifty-five:value=55
fifty six:value=56
fiftysix:value=56
fifty-six:value=56
fifty-seven:value=57
fiftyseven:value=57
fifty seven:value=57
fiftyeight:value=58
fifty eight:value=58
fifty-eight:value=58
fifty-nine:value=59
fiftynine:value=59
fifty nine:value=59
sixtyone:value=61
sixty-one:value=61
sixty one:value=61
sixty two:value=62
sixty-two:value=62
sixtytwo:value=62
sixtythree:value=63
sixty-three:value=63
sixty three:value=63
sixty-four:value=64
sixty four:value=64
sixtyfour:value=64
sixtyfive:value=65
sixty five:value=65
sixty-five:value=65
sixty six:value=66
sixtysix:value=66
sixty-six:value=66
sixty-seven:value=67
sixtyseven:value=67
sixty seven:value=67
sixtyeight:value=68
sixty eight:value=68
sixty-eight:value=68
sixty-nine:value=69
sixtynine:value=69
sixty nine:value=69
seventyone:value=71
seventy-one:value=71
seventy one:value=71
seventy two:value=72
seventy-two:value=72
seventytwo:value=72
seventythree:value=73
seventy-three:value=73
seventy three:value=73
seventy-four:value=74
seventy four:value=74
seventyfour:value=74
seventyfive:value=75
seventy five:value=75
seventy-five:value=75
seventy six:value=76
seventysix:value=76
seventy-six:value=76
seventy-seven:value=77
seventyseven:value=77
seventy seven:value=77
seventyeight:value=78
seventy eight:value=78
seventy-eight:value=78
seventy-nine:value=79
seventynine:value=79
seventy nine:value=79
eightyone:value=81
eighty-one:value=81
eighty one:value=81
eighty two:value=82
eighty-two:value=82
eightytwo:value=82
eightythree:value=83
eighty-three:value=83
eighty three:value=83
eighty-four:value=84
eighty four:value=84
eightyfour:value=84
eightyfive:value=85
eighty five:value=85
eighty-five:value=85
eighty six:value=86
eightysix:value=86
eighty-six:value=86
eighty-seven:value=87
eightyseven:value=87
eighty seven:value=87
eightyeight:value=88
eighty eight:value=88
eighty-eight:value=88
eighty-nine:value=89
eightynine:value=89
eighty nine:value=89
nintyone:value=91
ninty-one:value=91
ninty one:value=91
ninty two:value=92
ninty-two:value=92
nintytwo:value=92
nintythree:value=93
ninty-three:value=93
ninty three:value=93
ninty-four:value=94
ninty four:value=94
nintyfour:value=94
nintyfive:value=95
ninty five:value=95
ninty-five:value=95
ninty six:value=96
nintysix:value=96
ninty-six:value=96
ninty-seven:value=97
nintyseven:value=97
ninty seven:value=97
nintyeight:value=98
ninty eight:value=98
ninty-eight:value=98
ninty-nine:value=99
nintynine:value=99
ninty nine:value=99
none:value=0
zero:value=0
a number:value=2
multiple:value=2
